python : test_execute_about_action_uses_versioned_about_message (test_action_ru
nner.ActionRunnerTests.test_execute_about_action_uses_versioned_about_message) 
... ok
En línea: 1 Carácter: 1
+ python -m unittest discover -s tests -v > test_output.txt 2>&1; echo  ...
+ ~~~~~~~~~~~~~~~~~~~~~~~~~~~~~~~~~~~~~~~~~~~~~~~~~~~~~~~~~~~~~~
    + CategoryInfo          : NotSpecified: (test_execute_ab...message) ... ok 
   :String) [], RemoteException
    + FullyQualifiedErrorId : NativeCommandError
 
test_execute_ascii_video_action_falls_back_to_info_dialog (test_action_runner.A
ctionRunnerTests.test_execute_ascii_video_action_falls_back_to_info_dialog) 
... ok
test_execute_ascii_video_action_opens_video_dialog (test_action_runner.ActionRu
nnerTests.test_execute_ascii_video_action_opens_video_dialog) ... ok
test_execute_calculator_spawns_calculator_window (test_action_runner.ActionRunn
erTests.test_execute_calculator_spawns_calculator_window) ... ok
test_execute_clock_calendar_spawns_clock_window (test_action_runner.ActionRunne
rTests.test_execute_clock_calendar_spawns_clock_window) ... ok
test_execute_exit_action_opens_confirmation_dialog (test_action_runner.ActionRu
nnerTests.test_execute_exit_action_opens_confirmation_dialog) ... ok
test_execute_file_manager_passes_show_hidden_when_supported (test_action_runner
.ActionRunnerTests.test_execute_file_manager_passes_show_hidden_when_supported)
 ... ok
test_execute_file_manager_spawns_window_with_offset (test_action_runner.ActionR
unnerTests.test_execute_file_manager_spawns_window_with_offset) ... ok
test_execute_file_manager_type_error_is_not_swallowed (test_action_runner.Actio
nRunnerTests.test_execute_file_manager_type_error_is_not_swallowed) ... ok
test_execute_help_action_uses_help_builder (test_action_runner.ActionRunnerTest
s.test_execute_help_action_uses_help_builder) ... ok
test_execute_image_viewer_spawns_image_window (test_action_runner.ActionRunnerT
ests.test_execute_image_viewer_spawns_image_window) ... ok
test_execute_log_viewer_spawns_log_window (test_action_runner.ActionRunnerTests
.test_execute_log_viewer_spawns_log_window) ... ok
test_execute_new_window_uses_incremental_title (test_action_runner.ActionRunner
Tests.test_execute_new_window_uses_incremental_title) ... ok
test_execute_notepad_passes_wrap_default_when_supported (test_action_runner.Act
ionRunnerTests.test_execute_notepad_passes_wrap_default_when_supported) ... ok
test_execute_notepad_spawns_window_with_offset (test_action_runner.ActionRunner
Tests.test_execute_notepad_spawns_window_with_offset) ... ok
test_execute_process_manager_spawns_proc_window (test_action_runner.ActionRunne
rTests.test_execute_process_manager_spawns_proc_window) ... ok
test_execute_settings_spawns_settings_window (test_action_runner.ActionRunnerTe
sts.test_execute_settings_spawns_settings_window) ... ok
test_execute_terminal_spawns_terminal_window_with_offset (test_action_runner.Ac
tionRunnerTests.test_execute_terminal_spawns_terminal_window_with_offset) ... 
ok
test_execute_trash_spawns_trash_window 
(test_action_runner.ActionRunnerTests.test_execute_trash_spawns_trash_window) 
... ok
test_execute_unknown_action_logs_warning (test_action_runner.ActionRunnerTests.
test_execute_unknown_action_logs_warning) ... ok
test_supports_constructor_kwarg_handles_varkw_and_bad_signatures (test_action_r
unner.ActionRunnerTests.test_supports_constructor_kwarg_handles_varkw_and_bad_s
ignatures) ... ok
test_action_result_payload_defaults_to_none 
(test_actions.ActionResultTests.test_action_result_payload_defaults_to_none) 
... ok
test_action_result_stores_type_and_payload 
(test_actions.ActionResultTests.test_action_result_stores_type_and_payload) 
... ok
test_app_action_parses_legacy_string_values 
(test_actions.ActionResultTests.test_app_action_parses_legacy_string_values) 
... ok
test_csi_dispatch_and_params 
(test_ansi_basic.AnsiBasicTests.test_csi_dispatch_and_params) ... ok
test_osc_consumed_and_multichunk_csi 
(test_ansi_basic.AnsiBasicTests.test_osc_consumed_and_multichunk_csi) ... ok
test_parse_text_and_control 
(test_ansi_basic.AnsiBasicTests.test_parse_text_and_control) ... ok
test_sgr_bold_and_reset 
(test_ansi_basic.AnsiBasicTests.test_sgr_bold_and_reset) ... ok
test_init_groups_by_category 
(test_app_manager_v2.AppManagerV2Tests.test_init_groups_by_category) ... ok
test_navigation_between_columns 
(test_app_manager_v2.AppManagerV2Tests.test_navigation_between_columns) ... ok
test_save_persists_config 
(test_app_manager_v2.AppManagerV2Tests.test_save_persists_config) ... ok
test_toggle_checkbox 
(test_app_manager_v2.AppManagerV2Tests.test_toggle_checkbox) ... ok
test_check_skip_and_sleep_fast 
(test_bios.BioTests.test_check_skip_and_sleep_fast) ... ok
test_configure_terminal_applies_curses_setup 
(test_bootstrap.BootstrapTests.test_configure_terminal_applies_curses_setup) 
... ok
test_disable_flow_control_ignores_termios_failures (test_bootstrap.BootstrapTes
ts.test_disable_flow_control_ignores_termios_failures) ... ok
test_disable_flow_control_updates_termios_flags (test_bootstrap.BootstrapTests.
test_disable_flow_control_updates_termios_flags) ... ok
test_disable_mouse_support_prints_restore_sequences (test_bootstrap.BootstrapTe
sts.test_disable_mouse_support_prints_restore_sequences) ... ok
test_enable_mouse_support_returns_masks 
(test_bootstrap.BootstrapTests.test_enable_mouse_support_returns_masks) ... ok
test_calculator_starts_topmost_and_f9_toggles (test_calculator_component.Calcul
atorComponentTests.test_calculator_starts_topmost_and_f9_toggles) ... ok
test_draw_renders_cursor_character_when_in_bounds (test_calculator_component.Ca
lculatorComponentTests.test_draw_renders_cursor_character_when_in_bounds) ... 
ok
test_draw_renders_input_history_and_status (test_calculator_component.Calculato
rComponentTests.test_draw_renders_input_history_and_status) ... ok
test_draw_returns_early_when_hidden_or_body_zero (test_calculator_component.Cal
culatorComponentTests.test_draw_returns_early_when_hidden_or_body_zero) ... ok
test_ensure_cursor_visible_scrolls_left_and_right (test_calculator_component.Ca
lculatorComponentTests.test_ensure_cursor_visible_scrolls_left_and_right) ... 
ok
test_evaluate_current_is_noop_when_expression_is_blank (test_calculator_compone
nt.CalculatorComponentTests.test_evaluate_current_is_noop_when_expression_is_bl
ank) ... ok
test_evaluate_current_success_and_error_history (test_calculator_component.Calc
ulatorComponentTests.test_evaluate_current_success_and_error_history) ... ok
test_evaluate_expression_formats_floats_and_normalizes_negative_zero (test_calc
ulator_component.CalculatorComponentTests.test_evaluate_expression_formats_floa
ts_and_normalizes_negative_zero) ... ok
test_evaluate_expression_rejects_unsupported_input (test_calculator_component.C
alculatorComponentTests.test_evaluate_expression_rejects_unsupported_input) 
... ok
test_evaluate_expression_supports_safe_arithmetic (test_calculator_component.Ca
lculatorComponentTests.test_evaluate_expression_supports_safe_arithmetic) ... 
ok
test_handle_click_positions_cursor_on_input_row (test_calculator_component.Calc
ulatorComponentTests.test_handle_click_positions_cursor_on_input_row) ... ok
test_handle_key_basic_editing_and_navigation (test_calculator_component.Calcula
torComponentTests.test_handle_key_basic_editing_and_navigation) ... ok
test_handle_key_evaluate_clear_and_close_paths (test_calculator_component.Calcu
latorComponentTests.test_handle_key_evaluate_clear_and_close_paths) ... ok
test_handle_key_paste_and_ctrl_c_copy (test_calculator_component.CalculatorComp
onentTests.test_handle_key_paste_and_ctrl_c_copy) ... ok
test_handle_key_right_delete_and_history_keys (test_calculator_component.Calcul
atorComponentTests.test_handle_key_right_delete_and_history_keys) ... ok
test_history_move_guard_and_clamps_index (test_calculator_component.CalculatorC
omponentTests.test_history_move_guard_and_clamps_index) ... ok
test_history_navigation_moves_expression (test_calculator_component.CalculatorC
omponentTests.test_history_navigation_moves_expression) ... ok
test_insert_and_delete_guards_and_history_trim (test_calculator_component.Calcu
latorComponentTests.test_insert_and_delete_guards_and_history_trim) ... ok
test_set_expression_and_insert_delete_helpers (test_calculator_component.Calcul
atorComponentTests.test_set_expression_and_insert_delete_helpers) ... ok
test_init_draw_and_click_select 
(test_charmap.CharMapTests.test_init_draw_and_click_select) ... ok
test_execute_action_block_switch_and_copy_hex (test_charmap_additional.CharMapA
dditionalTests.test_execute_action_block_switch_and_copy_hex) ... ok
test_grid_dims_and_page 
(test_charmap_additional.CharMapAdditionalTests.test_grid_dims_and_page) ... ok
test_handle_click_computes_index_and_selection (test_charmap_additional.CharMap
AdditionalTests.test_handle_click_computes_index_and_selection) ... ok
test_navigation_keys_update_selection (test_charmap_additional.CharMapAdditiona
lTests.test_navigation_keys_update_selection) ... ok
test_clear_clipboard 
(test_clipboard_core.ClipboardCoreTests.test_clear_clipboard) ... ok
test_copy_and_paste_text_with_sync_options (test_clipboard_core.ClipboardCoreTe
sts.test_copy_and_paste_text_with_sync_options) ... ok
test_detect_backend_priority 
(test_clipboard_core.ClipboardCoreTests.test_detect_backend_priority) ... ok
test_system_copy_backends_and_errors 
(test_clipboard_core.ClipboardCoreTests.test_system_copy_backends_and_errors) 
... ok
test_system_paste_backends_and_errors 
(test_clipboard_core.ClipboardCoreTests.test_system_paste_backends_and_errors) 
... ok
test_show_and_clear 
(test_clipboard_viewer.ClipboardViewerTests.test_show_and_clear) ... ok
test_close_key_returns_close_action 
(test_clock_component.ClockComponentTests.test_close_key_returns_close_action) 
... ok
test_draw_renders_clock_calendar_and_status (test_clock_component.ClockComponen
tTests.test_draw_renders_clock_calendar_and_status) ... ok
test_execute_action_and_menu_delegation (test_clock_component.ClockComponentTes
ts.test_execute_action_and_menu_delegation) ... ok
test_handle_key_and_click_delegate_to_window_menu (test_clock_component.ClockCo
mponentTests.test_handle_key_and_click_delegate_to_window_menu) ... ok
test_maybe_chime_only_once_per_hour 
(test_clock_component.ClockComponentTests.test_maybe_chime_only_once_per_hour) 
... ok
test_missing_branches_for_coverage 
(test_clock_component.ClockComponentTests.test_missing_branches_for_coverage) 
... ok
test_month_lines_respect_first_weekday_toggle (test_clock_component.ClockCompon
entTests.test_month_lines_respect_first_weekday_toggle) ... ok
test_toggle_top_and_chime_with_keys 
(test_clock_component.ClockComponentTests.test_toggle_top_and_chime_with_keys) 
... ok
test_border_characters_and_patterns_are_non_empty (test_constants_module.Consta
ntsModuleTests.test_border_characters_and_patterns_are_non_empty) ... ok
test_color_pair_ids_are_positive_ints (test_constants_module.ConstantsModuleTes
ts.test_color_pair_ids_are_positive_ints) ... ok
test_constants_source_executes_with_package_context (test_constants_module.Cons
tantsModuleTests.test_constants_source_executes_with_package_context) ... ok
test_icons_and_ascii_icons_are_aligned (test_constants_module.ConstantsModuleTe
sts.test_icons_and_ascii_icons_are_aligned) ... ok
test_package_exposes_version 
(test_constants_module.ConstantsModuleTests.test_package_exposes_version) ... 
ok
test_package_init_source_sets_version (test_constants_module.ConstantsModuleTes
ts.test_package_init_source_sets_version) ... ok
test_video_extensions_include_common_formats (test_constants_module.ConstantsMo
duleTests.test_video_extensions_include_common_formats) ... ok
test_handle_click_inside_activates_action 
(test_context_menu.TestContextMenu.test_handle_click_inside_activates_action) 
... ok
test_handle_click_outside_closes_menu 
(test_context_menu.TestContextMenu.test_handle_click_outside_closes_menu) ... 
ok
test_hide_resets_state 
(test_context_menu.TestContextMenu.test_hide_resets_state) ... ok
test_keyboard_navigation 
(test_context_menu.TestContextMenu.test_keyboard_navigation) ... ok
test_show_sets_active_and_position 
(test_context_menu.TestContextMenu.test_show_sets_active_and_position) ... ok
test_apply_preferences_early_return_and_no_op_when_same_values (test_core_app.C
oreAppTests.test_apply_preferences_early_return_and_no_op_when_same_values) 
... ok
test_apply_preferences_updates_defaults_and_open_windows (test_core_app.CoreApp
Tests.test_apply_preferences_updates_defaults_and_open_windows) ... ok
test_apply_theme_updates_state_and_calls_init_colors (test_core_app.CoreAppTest
s.test_apply_theme_updates_state_and_calls_init_colors) ... ok
test_cleanup_calls_window_close_hooks_and_handles_errors (test_core_app.CoreApp
Tests.test_cleanup_calls_window_close_hooks_and_handles_errors) ... ok
test_cleanup_delegates_to_bootstrap_helper 
(test_core_app.CoreAppTests.test_cleanup_delegates_to_bootstrap_helper) ... ok
test_cleanup_joins_background_thread_when_alive 
(test_core_app.CoreAppTests.test_cleanup_joins_background_thread_when_alive) 
... ok
test_close_window_activates_last_remaining_window 
(test_core_app.CoreAppTests.test_close_window_activates_last_remaining_window) 
... ok
test_close_window_calls_close_hook_and_logs_failures (test_core_app.CoreAppTest
s.test_close_window_calls_close_hook_and_logs_failures) ... ok
test_close_window_prefers_last_visible_window 
(test_core_app.CoreAppTests.test_close_window_prefers_last_visible_window) ... 
ok
test_dialog_mouse_and_key_handlers 
(test_core_app.CoreAppTests.test_dialog_mouse_and_key_handlers) ... ok
test_dispatch_execute_close_window_prefers_close 
(test_core_app.CoreAppTests.test_dispatch_execute_close_window_prefers_close) 
... ok
test_dispatch_execute_non_close_routes_to_execute_action (test_core_app.CoreApp
Tests.test_dispatch_execute_non_close_routes_to_execute_action) ... ok
test_dispatch_generic_error_creates_error_dialog 
(test_core_app.CoreAppTests.test_dispatch_generic_error_creates_error_dialog) 
... ok
test_dispatch_open_file_calls_file_viewer 
(test_core_app.CoreAppTests.test_dispatch_open_file_calls_file_viewer) ... ok
test_dispatch_request_between_panes_reports_missing_destination (test_core_app.
CoreAppTests.test_dispatch_request_between_panes_reports_missing_destination) 
... ok
test_dispatch_request_copy_move_between_panes_routes_operation (test_core_app.C
oreAppTests.test_dispatch_request_copy_move_between_panes_routes_operation) 
... ok
test_dispatch_request_copy_move_new_entry_dialogs 
(test_core_app.CoreAppTests.test_dispatch_request_copy_move_new_entry_dialogs) 
... ok
test_dispatch_request_delete_confirm_calls_dialog_builder (test_core_app.CoreAp
pTests.test_dispatch_request_delete_confirm_calls_dialog_builder) ... ok
test_dispatch_request_kill_confirm_calls_dialog_builder (test_core_app.CoreAppT
ests.test_dispatch_request_kill_confirm_calls_dialog_builder) ... ok
test_dispatch_request_open_path_calls_dialog_builder (test_core_app.CoreAppTest
s.test_dispatch_request_open_path_calls_dialog_builder) ... ok
test_dispatch_request_rename_entry_calls_dialog_builder (test_core_app.CoreAppT
ests.test_dispatch_request_rename_entry_calls_dialog_builder) ... ok
test_dispatch_request_save_as_calls_dialog_builder (test_core_app.CoreAppTests.
test_dispatch_request_save_as_calls_dialog_builder) ... ok
test_dispatch_save_error_creates_dialog 
(test_core_app.CoreAppTests.test_dispatch_save_error_creates_dialog) ... ok
test_dispatch_unhandled_action_type_logs_debug 
(test_core_app.CoreAppTests.test_dispatch_unhandled_action_type_logs_debug) 
... ok
test_draw_wrappers_delegate_to_rendering_helpers 
(test_core_app.CoreAppTests.test_draw_wrappers_delegate_to_rendering_helpers) 
... ok
test_execute_action_delegates_to_action_runner 
(test_core_app.CoreAppTests.test_execute_action_delegates_to_action_runner) 
... ok
test_get_active_window_and_dispatch_ignore_paths 
(test_core_app.CoreAppTests.test_get_active_window_and_dispatch_ignore_paths) 
... ok
test_get_icon_at_returns_matching_index 
(test_core_app.CoreAppTests.test_get_icon_at_returns_matching_index) ... ok
test_handle_global_menu_key_executes_selected_action (test_core_app.CoreAppTest
s.test_handle_global_menu_key_executes_selected_action) ... ok
test_handle_key_ctrl_q_executes_exit_action 
(test_core_app.CoreAppTests.test_handle_key_ctrl_q_executes_exit_action) ... ok
test_handle_key_tab_cycles_focus_between_visible_windows (test_core_app.CoreApp
Tests.test_handle_key_tab_cycles_focus_between_visible_windows) ... ok
test_handle_menu_hotkeys_escape_closes_window_menu_first (test_core_app.CoreApp
Tests.test_handle_menu_hotkeys_escape_closes_window_menu_first) ... ok
test_handle_menu_hotkeys_f10_toggles_global_menu 
(test_core_app.CoreAppTests.test_handle_menu_hotkeys_f10_toggles_global_menu) 
... ok
test_handle_mouse_desktop_click_selects_icon 
(test_core_app.CoreAppTests.test_handle_mouse_desktop_click_selects_icon) ... 
ok
test_handle_mouse_desktop_double_click_executes_icon_action (test_core_app.Core
AppTests.test_handle_mouse_desktop_double_click_executes_icon_action) ... ok
test_handle_mouse_desktop_fallback_double_click_executes_icon_action (test_core
_app.CoreAppTests.test_handle_mouse_desktop_fallback_double_click_executes_icon
_action) ... ok
test_handle_mouse_invalid_payload_is_ignored 
(test_core_app.CoreAppTests.test_handle_mouse_invalid_payload_is_ignored) ... 
ok
test_handle_subtitle_path_input_validation_and_playback (test_core_app.CoreAppT
ests.test_handle_subtitle_path_input_validation_and_playback) ... ok
test_handle_taskbar_click_false_paths 
(test_core_app.CoreAppTests.test_handle_taskbar_click_false_paths) ... ok
test_handle_taskbar_click_restores_minimized_window (test_core_app.CoreAppTests
.test_handle_taskbar_click_restores_minimized_window) ... ok
test_handle_video_path_input_validation_and_subtitle_prompt (test_core_app.Core
AppTests.test_handle_video_path_input_validation_and_subtitle_prompt) ... ok
test_init_configures_terminal_and_creates_welcome_window (test_core_app.CoreApp
Tests.test_init_configures_terminal_and_creates_welcome_window) ... ok
test_init_uses_ascii_icons_when_unicode_not_supported (test_core_app.CoreAppTes
ts.test_init_uses_ascii_icons_when_unicode_not_supported) ... ok
test_mouse_and_key_wrappers_delegate_to_router_helpers (test_core_app.CoreAppTe
sts.test_mouse_and_key_wrappers_delegate_to_router_helpers) ... ok
test_normalize_action_maps_legacy_string 
(test_core_app.CoreAppTests.test_normalize_action_maps_legacy_string) ... ok
test_normalize_window_layers_moves_topmost_to_end 
(test_core_app.CoreAppTests.test_normalize_window_layers_moves_topmost_to_end) 
... ok
test_open_file_viewer_binary_file_spawns_hex_viewer (test_core_app.CoreAppTests
.test_open_file_viewer_binary_file_spawns_hex_viewer) ... ok
test_open_file_viewer_binary_probe_oserror_still_opens_notepad (test_core_app.C
oreAppTests.test_open_file_viewer_binary_probe_oserror_still_opens_notepad) 
... ok
test_open_file_viewer_image_extension_spawns_image_viewer (test_core_app.CoreAp
pTests.test_open_file_viewer_image_extension_spawns_image_viewer) ... ok
test_open_file_viewer_log_extension_spawns_log_viewer (test_core_app.CoreAppTes
ts.test_open_file_viewer_log_extension_spawns_log_viewer) ... ok
test_open_file_viewer_text_spawns_notepad_window 
(test_core_app.CoreAppTests.test_open_file_viewer_text_spawns_notepad_window) 
... ok
test_open_file_viewer_video_error_opens_dialog 
(test_core_app.CoreAppTests.test_open_file_viewer_video_error_opens_dialog) 
... ok
test_persist_config_builds_dataclass_and_calls_save (test_core_app.CoreAppTests
.test_persist_config_builds_dataclass_and_calls_save) ... ok
test_play_ascii_video_helper_success_and_error 
(test_core_app.CoreAppTests.test_play_ascii_video_helper_success_and_error) 
... ok
test_poll_background_operation_keeps_state_while_worker_running (test_core_app.
CoreAppTests.test_poll_background_operation_keeps_state_while_worker_running) 
... ok
test_poll_background_operation_updates_and_dispatches_completion (test_core_app
.CoreAppTests.test_poll_background_operation_updates_and_dispatches_completion)
 ... ok
test_resolve_dialog_result_dispatches_dialog_callback_result (test_core_app.Cor
eAppTests.test_resolve_dialog_result_dispatches_dialog_callback_result) ... ok
test_resolve_dialog_result_dispatches_input_callback_result (test_core_app.Core
AppTests.test_resolve_dialog_result_dispatches_input_callback_result) ... ok
test_resolve_dialog_result_exit_yes_stops_app 
(test_core_app.CoreAppTests.test_resolve_dialog_result_exit_yes_stops_app) ... 
ok
test_resolve_dialog_result_ignores_invalid_index_or_missing_dialog (test_core_a
pp.CoreAppTests.test_resolve_dialog_result_ignores_invalid_index_or_missing_dia
log) ... ok
test_resolve_dialog_result_keeps_dialog_replaced_by_callback (test_core_app.Cor
eAppTests.test_resolve_dialog_result_keeps_dialog_replaced_by_callback) ... ok
test_run_delegates_to_event_loop 
(test_core_app.CoreAppTests.test_run_delegates_to_event_loop) ... ok
test_run_file_operation_with_progress_rejects_unsupported_operation (test_core_
app.CoreAppTests.test_run_file_operation_with_progress_rejects_unsupported_oper
ation) ... ok
test_run_file_operation_with_progress_runs_sync_for_small_file (test_core_app.C
oreAppTests.test_run_file_operation_with_progress_runs_sync_for_small_file) 
... ok
test_run_file_operation_with_progress_starts_background_for_large_file (test_co
re_app.CoreAppTests.test_run_file_operation_with_progress_starts_background_for
_large_file) ... ok
test_set_active_window_keeps_regular_below_topmost (test_core_app.CoreAppTests.
test_set_active_window_keeps_regular_below_topmost) ... ok
test_set_active_window_reorders_z_order 
(test_core_app.CoreAppTests.test_set_active_window_reorders_z_order) ... ok
test_show_copy_and_move_dialogs_set_callbacks 
(test_core_app.CoreAppTests.test_show_copy_and_move_dialogs_set_callbacks) ... 
ok
test_show_copy_move_dialogs_reject_invalid_selection (test_core_app.CoreAppTest
s.test_show_copy_move_dialogs_reject_invalid_selection) ... ok
test_show_delete_confirm_dialog_sets_callback 
(test_core_app.CoreAppTests.test_show_delete_confirm_dialog_sets_callback) ... 
ok
test_show_kill_confirm_dialog_handles_missing_pid 
(test_core_app.CoreAppTests.test_show_kill_confirm_dialog_handles_missing_pid) 
... ok
test_show_kill_confirm_dialog_sets_callback 
(test_core_app.CoreAppTests.test_show_kill_confirm_dialog_sets_callback) ... ok
test_show_new_dir_and_file_dialogs_set_callbacks 
(test_core_app.CoreAppTests.test_show_new_dir_and_file_dialogs_set_callbacks) 
... ok
test_show_open_dialog_sets_callback 
(test_core_app.CoreAppTests.test_show_open_dialog_sets_callback) ... ok
test_show_rename_dialog_sets_callback 
(test_core_app.CoreAppTests.test_show_rename_dialog_sets_callback) ... ok
test_show_save_as_dialog_sets_callback 
(test_core_app.CoreAppTests.test_show_save_as_dialog_sets_callback) ... ok
test_show_video_open_dialog_sets_input_callback 
(test_core_app.CoreAppTests.test_show_video_open_dialog_sets_input_callback) 
... ok
test_spawn_window_and_offset_helpers 
(test_core_app.CoreAppTests.test_spawn_window_and_offset_helpers) ... ok
test_start_background_operation_rejects_when_active (test_core_app.CoreAppTests
.test_start_background_operation_rejects_when_active) ... ok
test_start_background_operation_starts_worker_and_sets_progress_dialog (test_co
re_app.CoreAppTests.test_start_background_operation_starts_worker_and_sets_prog
ress_dialog) ... ok
test_validate_terminal_size_raises_for_small_terminal (test_core_app.CoreAppTes
ts.test_validate_terminal_size_raises_for_small_terminal) ... ok
test_dialog_draw_and_click_resolves_button_index (test_dialog_component.DialogC
omponentTests.test_dialog_draw_and_click_resolves_button_index) ... ok
test_dialog_key_navigation_and_submit (test_dialog_component.DialogComponentTes
ts.test_dialog_key_navigation_and_submit) ... ok
test_dialog_wraps_message_and_computes_height (test_dialog_component.DialogComp
onentTests.test_dialog_wraps_message_and_computes_height) ... ok
test_input_dialog_draw_short_value_uses_cursor_pos_branch (test_dialog_componen
t.DialogComponentTests.test_input_dialog_draw_short_value_uses_cursor_pos_branc
h) ... ok
test_input_dialog_draw_truncates_long_value_and_draws_cursor (test_dialog_compo
nent.DialogComponentTests.test_input_dialog_draw_truncates_long_value_and_draws
_cursor) ... ok
test_input_dialog_handle_click_delegates_to_base_dialog (test_dialog_component.
DialogComponentTests.test_input_dialog_handle_click_delegates_to_base_dialog) 
... ok
test_input_dialog_handle_key_editing_and_actions (test_dialog_component.DialogC
omponentTests.test_input_dialog_handle_key_editing_and_actions) ... ok
test_progress_dialog_draw_updates_spinner_and_is_non_interactive (test_dialog_c
omponent.DialogComponentTests.test_progress_dialog_draw_updates_spinner_and_is_
non_interactive) ... ok
test_progress_dialog_wraps_empty_paragraphs (test_dialog_component.DialogCompon
entTests.test_progress_dialog_wraps_empty_paragraphs) ... ok
test_dispatch_basic_branches 
(test_dialog_dispatch.DialogDispatchTests.test_dispatch_basic_branches) ... ok
test_resolve_dialog_result_exit 
(test_dialog_dispatch.DialogDispatchTests.test_resolve_dialog_result_exit) ... 
ok
test_main_cli_delegates_to_run 
(test_entry_and_content.EntryPointTests.test_main_cli_delegates_to_run) ... ok
test_main_constructs_app_and_runs 
(test_entry_and_content.EntryPointTests.test_main_constructs_app_and_runs) ... 
ok
test_module_import_enables_debug_logging_when_env_set (test_entry_and_content.E
ntryPointTests.test_module_import_enables_debug_logging_when_env_set) ... ok
test_module_import_tolerates_locale_error (test_entry_and_content.EntryPointTes
ts.test_module_import_tolerates_locale_error) ... ok
test_module_main_guard_raises_system_exit_from_main_cli (test_entry_and_content
.EntryPointTests.test_module_main_guard_raises_system_exit_from_main_cli) ... 
ok
test_run_ignores_endwin_error_on_unhandled_exception (test_entry_and_content.En
tryPointTests.test_run_ignores_endwin_error_on_unhandled_exception) ... ok
test_run_returns_130_on_keyboard_interrupt (test_entry_and_content.EntryPointTe
sts.test_run_returns_130_on_keyboard_interrupt) ... ok
test_run_returns_1_on_unhandled_exception (test_entry_and_content.EntryPointTes
ts.test_run_returns_1_on_unhandled_exception) ... ok
test_run_returns_zero_when_wrapper_succeeds (test_entry_and_content.EntryPointT
ests.test_run_returns_zero_when_wrapper_succeeds) ... ok
test_constants_module_exposes_expected_data (test_entry_and_content.StaticModul
eContentTests.test_constants_module_exposes_expected_data) ... ok
test_content_builders_include_expected_sections (test_entry_and_content.StaticM
oduleContentTests.test_content_builders_include_expected_sections) ... ok
test_package_version_matches_runtime_constant (test_entry_and_content.StaticMod
uleContentTests.test_package_version_matches_runtime_constant) ... ok
test_dispatch_input_ignores_none_key 
(test_event_loop.EventLoopTests.test_dispatch_input_ignores_none_key) ... ok
test_dispatch_input_mouse_error_returns_without_dispatch (test_event_loop.Event
LoopTests.test_dispatch_input_mouse_error_returns_without_dispatch) ... ok
test_dispatch_input_resize_clamps_windows 
(test_event_loop.EventLoopTests.test_dispatch_input_resize_clamps_windows) ... 
ok
test_dispatch_input_routes_mouse_event 
(test_event_loop.EventLoopTests.test_dispatch_input_routes_mouse_event) ... ok
test_dispatch_input_routes_regular_key 
(test_event_loop.EventLoopTests.test_dispatch_input_routes_regular_key) ... ok
test_draw_frame_calls_normalize_layers_when_present (test_event_loop.EventLoopT
ests.test_draw_frame_calls_normalize_layers_when_present) ... ok
test_draw_frame_renders_core_layers 
(test_event_loop.EventLoopTests.test_draw_frame_renders_core_layers) ... ok
test_draw_frame_renders_dialog_when_present 
(test_event_loop.EventLoopTests.test_draw_frame_renders_dialog_when_present) 
... ok
test_draw_frame_skips_window_render_when_background_operation_active (test_even
t_loop.EventLoopTests.test_draw_frame_skips_window_render_when_background_opera
tion_active) ... ok
test_read_input_key_returns_none_on_curses_error (test_event_loop.EventLoopTest
s.test_read_input_key_returns_none_on_curses_error) ... ok
test_run_app_loop_runs_once_and_cleans_up 
(test_event_loop.EventLoopTests.test_run_app_loop_runs_once_and_cleans_up) ... 
ok
test_cell_width_and_fit_text (test_filemanager_additional.FileManagerAdditional
Tests.test_cell_width_and_fit_text) ... ok
test_delete_selected_handles_oserror (test_filemanager_additional.FileManagerAd
ditionalTests.test_delete_selected_handles_oserror) ... ok
test_draw_pane_contents_selection (test_filemanager_additional.FileManagerAddit
ionalTests.test_draw_pane_contents_selection) ... ok
test_fileentry_size_format_units (test_filemanager_additional.FileManagerAdditi
onalTests.test_fileentry_size_format_units) ... ok
test_handle_key_dual_calls_dual_copy_move (test_filemanager_additional.FileMana
gerAdditionalTests.test_handle_key_dual_calls_dual_copy_move) ... ok
test_set_and_navigate_bookmark (test_filemanager_additional.FileManagerAddition
alTests.test_set_and_navigate_bookmark) ... ok
test_toggle_dual_pane_unavailable (test_filemanager_additional.FileManagerAddit
ionalTests.test_toggle_dual_pane_unavailable) ... ok
test_toggle_hidden_rebuilds (test_filemanager_additional.FileManagerAdditionalT
ests.test_toggle_hidden_rebuilds) ... ok
test_handle_click_left_sets_pending_for_file (test_filemanager_clicks.FileManag
erClickTests.test_handle_click_left_sets_pending_for_file) ... ok
test_handle_click_outside_clears_pending (test_filemanager_clicks.FileManagerCl
ickTests.test_handle_click_outside_clears_pending) ... ok
test_handle_click_right_pane_double_click_activates (test_filemanager_clicks.Fi
leManagerClickTests.test_handle_click_right_pane_double_click_activates) ... ok
test_bookmarks 
(test_filemanager_component.FileManagerComponentTests.test_bookmarks) ... ok
test_copy_selected_file_success (test_filemanager_component.FileManagerComponen
tTests.test_copy_selected_file_success) ... ok
test_create_directory_success (test_filemanager_component.FileManagerComponentT
ests.test_create_directory_success) ... ok
test_create_file_success (test_filemanager_component.FileManagerComponentTests.
test_create_file_success) ... ok
test_delete_selected_can_be_undone (test_filemanager_component.FileManagerCompo
nentTests.test_delete_selected_can_be_undone) ... ok
test_delete_selected_file_success (test_filemanager_component.FileManagerCompon
entTests.test_delete_selected_file_success) ... ok
test_dual_copy_move_copy (test_filemanager_component.FileManagerComponentTests.
test_dual_copy_move_copy) ... ok
test_dual_copy_move_move (test_filemanager_component.FileManagerComponentTests.
test_dual_copy_move_move) ... ok
test_handle_click_sets_active_pane (test_filemanager_component.FileManagerCompo
nentTests.test_handle_click_sets_active_pane) ... ok
test_move_selected_file_success (test_filemanager_component.FileManagerComponen
tTests.test_move_selected_file_success) ... ok
test_rename_selected_success (test_filemanager_component.FileManagerComponentTe
sts.test_rename_selected_success) ... ok
test_delete_selected_oserror (test_filemanager_draw_and_ops.FileManagerDrawOpsT
ests.test_delete_selected_oserror) ... ok
test_draw_pane_contents_and_draw_single (test_filemanager_draw_and_ops.FileMana
gerDrawOpsTests.test_draw_pane_contents_and_draw_single) ... ok
test_draw_with_preview_lines_and_menu (test_filemanager_draw_and_ops.FileManage
rDrawOpsTests.test_draw_with_preview_lines_and_menu) ... ok
test_dual_copy_move_move_flow (test_filemanager_draw_and_ops.FileManagerDrawOps
Tests.test_dual_copy_move_move_flow) ... ok
test_read_image_preview_failure_and_success (test_filemanager_draw_and_ops.File
ManagerDrawOpsTests.test_read_image_preview_failure_and_success) ... ok
test_dual_copy_between_panes (test_filemanager_dual_copy_move.FileManagerDualCo
pyMoveTests.test_dual_copy_between_panes) ... ok
test_dual_move_between_panes (test_filemanager_dual_copy_move.FileManagerDualCo
pyMoveTests.test_dual_move_between_panes) ... ok
test_drag_payload_and_consume_variants (test_filemanager_edgecases.FileManagerE
dgeTests.test_drag_payload_and_consume_variants) ... ok
test_next_trash_path_collisions_and_undo_delete (test_filemanager_edgecases.Fil
eManagerEdgeTests.test_next_trash_path_collisions_and_undo_delete) ... ok
test_rename_selected_errors_and_success (test_filemanager_edgecases.FileManager
EdgeTests.test_rename_selected_errors_and_success) ... ok
test_bookmarks_invalid 
(test_filemanager_extra.FileManagerExtraTests.test_bookmarks_invalid) ... ok
test_cell_width_and_fit_text 
(test_filemanager_extra.FileManagerExtraTests.test_cell_width_and_fit_text) 
... ok
test_copy_move_rename_delete_errors_without_selection (test_filemanager_extra.F
ileManagerExtraTests.test_copy_move_rename_delete_errors_without_selection) 
... ok
test_entry_preview_lines_directory_and_unreadable (test_filemanager_extra.FileM
anagerExtraTests.test_entry_preview_lines_directory_and_unreadable) ... ok
test_fileentry_format_size 
(test_filemanager_extra.FileManagerExtraTests.test_fileentry_format_size) ... 
ok
test_next_trash_path_and_undo 
(test_filemanager_extra.FileManagerExtraTests.test_next_trash_path_and_undo) 
... ok
test_normalize_and_create 
(test_filemanager_extra.FileManagerExtraTests.test_normalize_and_create) ... ok
test_read_text_preview_text_and_binary (test_filemanager_extra.FileManagerExtra
Tests.test_read_text_preview_text_and_binary) ... ok
test_copy_move_selected_success 
(test_filemanager_more.FileManagerMoreTests.test_copy_move_selected_success) 
... ok
test_drag_payload_and_consume 
(test_filemanager_more.FileManagerMoreTests.test_drag_payload_and_consume) ... 
ok
test_dual_pane_toggle_and_min_width (test_filemanager_more.FileManagerMoreTests
.test_dual_pane_toggle_and_min_width) ... ok
test_entry_info_lines_and_preview_text (test_filemanager_more.FileManagerMoreTe
sts.test_entry_info_lines_and_preview_text) ... ok
test_next_trash_path_and_resolve_destination (test_filemanager_more.FileManager
MoreTests.test_next_trash_path_and_resolve_destination) ... ok
test_panel_layout_and_preview_key 
(test_filemanager_more.FileManagerMoreTests.test_panel_layout_and_preview_key) 
... ok
test_read_image_preview_backend_and_errors (test_filemanager_more.FileManagerMo
reTests.test_read_image_preview_backend_and_errors) ... ok
test_cell_width_and_fit 
(test_filemanager_more2.FileManagerMoreTests.test_cell_width_and_fit) ... ok
test_drag_payload_and_pending 
(test_filemanager_more2.FileManagerMoreTests.test_drag_payload_and_pending) 
... ok
test_entry_preview_directory_and_parent (test_filemanager_more2.FileManagerMore
Tests.test_entry_preview_directory_and_parent) ... ok
test_fileentry_format_size 
(test_filemanager_more2.FileManagerMoreTests.test_fileentry_format_size) ... ok
test_next_trash_path_collisions 
(test_filemanager_more2.FileManagerMoreTests.test_next_trash_path_collisions) 
... ok
test_read_text_preview_binary_and_text (test_filemanager_more2.FileManagerMoreT
ests.test_read_text_preview_binary_and_text) ... ok
test_resolve_destination_path_errors (test_filemanager_more2.FileManagerMoreTes
ts.test_resolve_destination_path_errors) ... ok
test_toggle_dual_pane_unavailable (test_filemanager_more2.FileManagerMoreTests.
test_toggle_dual_pane_unavailable) ... ok
test_copy_and_move_selected_errors_and_success (test_filemanager_more3.FileMana
gerMore3Tests.test_copy_and_move_selected_errors_and_success) ... ok
test_create_directory_and_errors (test_filemanager_more3.FileManagerMore3Tests.
test_create_directory_and_errors) ... ok
test_create_file_and_rename_and_delete_and_undo (test_filemanager_more3.FileMan
agerMore3Tests.test_create_file_and_rename_and_delete_and_undo) ... ok
test_entry_info_lines_and_unreadable (test_filemanager_more3.FileManagerMore3Te
sts.test_entry_info_lines_and_unreadable) ... ok
test_panel_layout_and_dual_toggle (test_filemanager_more3.FileManagerMore3Tests
.test_panel_layout_and_dual_toggle) ... ok
test_preview_image_backend_and_text (test_filemanager_more3.FileManagerMore3Tes
ts.test_preview_image_backend_and_text) ... ok
test_bookmark_set_and_navigate 
(test_filemanager_more4.FileManagerMore4Tests.test_bookmark_set_and_navigate) 
... ok
test_build_listing_permission_error (test_filemanager_more4.FileManagerMore4Tes
ts.test_build_listing_permission_error) ... ok
test_dual_copy_move_between_panes (test_filemanager_more4.FileManagerMore4Tests
.test_dual_copy_move_between_panes) ... ok
test_handle_key_fkeys_and_tab 
(test_filemanager_more4.FileManagerMore4Tests.test_handle_key_fkeys_and_tab) 
... ok
test_navigate_parent_selects_old_dir (test_filemanager_more4.FileManagerMore4Te
sts.test_navigate_parent_selects_old_dir) ... ok
test_toggle_hidden_rebuilds 
(test_filemanager_more4.FileManagerMore4Tests.test_toggle_hidden_rebuilds) ... 
ok
test_copy_move_selected_via_resolve_errors (test_filemanager_more_edges.FileMan
agerMoreEdgeTests.test_copy_move_selected_via_resolve_errors) ... ok
test_dual_copy_move_between_panes_errors (test_filemanager_more_edges.FileManag
erMoreEdgeTests.test_dual_copy_move_between_panes_errors) ... ok
test_entry_info_unreadable (test_filemanager_more_edges.FileManagerMoreEdgeTest
s.test_entry_info_unreadable) ... ok
test_entry_preview_directory_unreadable (test_filemanager_more_edges.FileManage
rMoreEdgeTests.test_entry_preview_directory_unreadable) ... ok
test_panel_layout_small_width (test_filemanager_more_edges.FileManagerMoreEdgeT
ests.test_panel_layout_small_width) ... ok
test_preview_stat_key_on_missing_path (test_filemanager_more_edges.FileManagerM
oreEdgeTests.test_preview_stat_key_on_missing_path) ... ok
test_delete_and_undo_flow_and_oserror (test_filemanager_more_ops.FileManagerMor
eOpsTests.test_delete_and_undo_flow_and_oserror) ... ok
test_dual_copy_move_between_panes_copy_and_move (test_filemanager_more_ops.File
ManagerMoreOpsTests.test_dual_copy_move_between_panes_copy_and_move) ... ok
test_dual_copy_move_errors 
(test_filemanager_more_ops.FileManagerMoreOpsTests.test_dual_copy_move_errors) 
... ok
test_panel_layout_small_width (test_filemanager_more_ops.FileManagerMoreOpsTest
s.test_panel_layout_small_width) ... ok
test_rename_selected_errors_and_success (test_filemanager_more_ops.FileManagerM
oreOpsTests.test_rename_selected_errors_and_success) ... ok
test_copy_and_move_selected_success (test_filemanager_ops_more.FileManagerOpsMo
reTests.test_copy_and_move_selected_success) ... ok
test_create_directory_and_file_and_select (test_filemanager_ops_more.FileManage
rOpsMoreTests.test_create_directory_and_file_and_select) ... ok
test_copy_move_selected_destination_exists (test_filemanager_preview_and_ops.Fi
leManagerPreviewOpsTests.test_copy_move_selected_destination_exists) ... ok
test_entry_preview_lines_dir_and_file_and_cache (test_filemanager_preview_and_o
ps.FileManagerPreviewOpsTests.test_entry_preview_lines_dir_and_file_and_cache) 
... ok
test_next_trash_path_collision (test_filemanager_preview_and_ops.FileManagerPre
viewOpsTests.test_next_trash_path_collision) ... ok
test_pending_drag_flow (test_filemanager_preview_and_ops.FileManagerPreviewOpsT
ests.test_pending_drag_flow) ... ok
test_read_image_preview_with_backend (test_filemanager_preview_and_ops.FileMana
gerPreviewOpsTests.test_read_image_preview_with_backend) ... ok
test_read_text_preview_empty_and_binary (test_filemanager_preview_and_ops.FileM
anagerPreviewOpsTests.test_read_text_preview_empty_and_binary) ... ok
test_resolve_destination_path_errors (test_filemanager_preview_and_ops.FileMana
gerPreviewOpsTests.test_resolve_destination_path_errors) ... ok
test_preview_cache_and_invalidation (test_filemanager_remaining.FileManagerRema
iningTests.test_preview_cache_and_invalidation) ... ok
test_read_image_preview_backends_and_errors (test_filemanager_remaining.FileMan
agerRemainingTests.test_read_image_preview_backends_and_errors) ... ok
test_read_text_preview_text_and_binary (test_filemanager_remaining.FileManagerR
emainingTests.test_read_text_preview_text_and_binary) ... ok
test_resolve_destination_path_errors (test_filemanager_remaining.FileManagerRem
ainingTests.test_resolve_destination_path_errors) ... ok
test_copy_selection_fallback_and_menu_and_key_branches (test_hexviewer_componen
t.HexViewerComponentTests.test_copy_selection_fallback_and_menu_and_key_branche
s) ... ok
test_draw_renders_header_rows_and_status (test_hexviewer_component.HexViewerCom
ponentTests.test_draw_renders_header_rows_and_status) ... ok
test_draw_returns_early_and_renders_prompt_modes (test_hexviewer_component.HexV
iewerComponentTests.test_draw_returns_early_and_renders_prompt_modes) ... ok
test_handle_click_and_zero_size_goto (test_hexviewer_component.HexViewerCompone
ntTests.test_handle_click_and_zero_size_goto) ... ok
test_hex_selection_drag_copy_and_draw_highlight (test_hexviewer_component.HexVi
ewerComponentTests.test_hex_selection_drag_copy_and_draw_highlight) ... ok
test_menu_actions_prompt_and_key_paths (test_hexviewer_component.HexViewerCompo
nentTests.test_menu_actions_prompt_and_key_paths) ... ok
test_mouse_drag_paths_when_not_pressed_or_outside (test_hexviewer_component.Hex
ViewerComponentTests.test_mouse_drag_paths_when_not_pressed_or_outside) ... ok
test_open_path_and_format_helpers (test_hexviewer_component.HexViewerComponentT
ests.test_open_path_and_format_helpers) ... ok
test_open_path_errors_and_read_slice_error (test_hexviewer_component.HexViewerC
omponentTests.test_open_path_errors_and_read_slice_error) ... ok
test_open_path_os_stat_error (test_hexviewer_component.HexViewerComponentTests.
test_open_path_os_stat_error) ... ok
test_parse_helpers_and_find_methods (test_hexviewer_component.HexViewerComponen
tTests.test_parse_helpers_and_find_methods) ... ok
test_prompt_apply_invalid_and_not_found_paths (test_hexviewer_component.HexView
erComponentTests.test_prompt_apply_invalid_and_not_found_paths) ... ok
test_prompt_key_accepts_int_key_codes (test_hexviewer_component.HexViewerCompon
entTests.test_prompt_key_accepts_int_key_codes) ... ok
test_row_mapping_and_selected_text_edge_cases (test_hexviewer_component.HexView
erComponentTests.test_row_mapping_and_selected_text_edge_cases) ... ok
test_selected_text_breaks_when_selection_exceeds_file (test_hexviewer_component
.HexViewerComponentTests.test_selected_text_breaks_when_selection_exceeds_file)
 ... ok
test_update_title_and_guard_helpers (test_hexviewer_component.HexViewerComponen
tTests.test_update_title_and_guard_helpers) ... ok
test_placeholder (test_icon_drag.IconDragPlaceholderTests.test_placeholder) 
... ok
test_cached_render_lines_and_zoom (test_image_viewer_component.ImageViewerCompo
nentTests.test_cached_render_lines_and_zoom) ... ok
test_draw_and_status_paths (test_image_viewer_component.ImageViewerComponentTes
ts.test_draw_and_status_paths) ... ok
test_execute_action_key_and_click_paths (test_image_viewer_component.ImageViewe
rComponentTests.test_execute_action_key_and_click_paths) ... ok
test_missing_branches_for_coverage (test_image_viewer_component.ImageViewerComp
onentTests.test_missing_branches_for_coverage) ... ok
test_open_path_errors_and_success (test_image_viewer_component.ImageViewerCompo
nentTests.test_open_path_errors_and_success) ... ok
test_render_image_backend_paths (test_image_viewer_component.ImageViewerCompone
ntTests.test_render_image_backend_paths) ... ok
test_strip_ansi_and_backend_detection (test_image_viewer_component.ImageViewerC
omponentTests.test_strip_ansi_and_backend_detection) ... ok
test_cycle_focus_no_visible_windows 
(test_key_router.KeyRouterTests.test_cycle_focus_no_visible_windows) ... ok
test_cycle_focus_skips_hidden_windows 
(test_key_router.KeyRouterTests.test_cycle_focus_skips_hidden_windows) ... ok
test_handle_active_window_key_dispatches_result (test_key_router.KeyRouterTests
.test_handle_active_window_key_dispatches_result) ... ok
test_handle_active_window_key_no_active_window (test_key_router.KeyRouterTests.
test_handle_active_window_key_no_active_window) ... ok
test_handle_global_menu_key_executes_selected_action (test_key_router.KeyRouter
Tests.test_handle_global_menu_key_executes_selected_action) ... ok
test_handle_global_menu_key_none_is_consumed 
(test_key_router.KeyRouterTests.test_handle_global_menu_key_none_is_consumed) 
... ok
test_handle_global_menu_key_returns_false_when_inactive (test_key_router.KeyRou
terTests.test_handle_global_menu_key_returns_false_when_inactive) ... ok
test_handle_key_event_ctrl_q_exits_early 
(test_key_router.KeyRouterTests.test_handle_key_event_ctrl_q_exits_early) ... 
ok
test_handle_key_event_dialog_has_priority 
(test_key_router.KeyRouterTests.test_handle_key_event_dialog_has_priority) ... 
ok
test_handle_key_event_falls_back_to_active_window (test_key_router.KeyRouterTes
ts.test_handle_key_event_falls_back_to_active_window) ... ok
test_handle_key_event_global_menu_short_circuit (test_key_router.KeyRouterTests
.test_handle_key_event_global_menu_short_circuit) ... ok
test_handle_key_event_menu_hotkeys_short_circuit (test_key_router.KeyRouterTest
s.test_handle_key_event_menu_hotkeys_short_circuit) ... ok
test_handle_key_event_tab_cycles_focus 
(test_key_router.KeyRouterTests.test_handle_key_event_tab_cycles_focus) ... ok
test_handle_key_event_tab_uses_active_window_local_handler_first (test_key_rout
er.KeyRouterTests.test_handle_key_event_tab_uses_active_window_local_handler_fi
rst) ... ok
test_handle_menu_hotkeys_escape_closes_global_menu (test_key_router.KeyRouterTe
sts.test_handle_menu_hotkeys_escape_closes_global_menu) ... ok
test_handle_menu_hotkeys_escape_closes_window_menu_first (test_key_router.KeyRo
uterTests.test_handle_menu_hotkeys_escape_closes_window_menu_first) ... ok
test_handle_menu_hotkeys_f10_closes_global_menu_when_already_active (test_key_r
outer.KeyRouterTests.test_handle_menu_hotkeys_f10_closes_global_menu_when_alrea
dy_active) ... ok
test_handle_menu_hotkeys_f10_toggles_global_menu (test_key_router.KeyRouterTest
s.test_handle_menu_hotkeys_f10_toggles_global_menu) ... ok
test_handle_menu_hotkeys_f10_toggles_window_menu (test_key_router.KeyRouterTest
s.test_handle_menu_hotkeys_f10_toggles_window_menu) ... ok
test_handle_menu_hotkeys_none_returns_false 
(test_key_router.KeyRouterTests.test_handle_menu_hotkeys_none_returns_false) 
... ok
test_normalize_app_key_maps_newline_string 
(test_key_router.KeyRouterTests.test_normalize_app_key_maps_newline_string) 
... ok
test_draw_renders_header_status_and_lines (test_logviewer_component.LogViewerCo
mponentTests.test_draw_renders_header_status_and_lines) ... ok
test_draw_selection_overlay_and_click_outside_clears (test_logviewer_component.
LogViewerComponentTests.test_draw_selection_overlay_and_click_outside_clears) 
... ok
test_handle_key_open_and_close_actions (test_logviewer_component.LogViewerCompo
nentTests.test_handle_key_open_and_close_actions) ... ok
test_open_path_loads_file_and_sets_title (test_logviewer_component.LogViewerCom
ponentTests.test_open_path_loads_file_and_sets_title) ... ok
test_poll_for_updates_appends_tail_lines (test_logviewer_component.LogViewerCom
ponentTests.test_poll_for_updates_appends_tail_lines) ... ok
test_search_build_and_navigation (test_logviewer_component.LogViewerComponentTe
sts.test_search_build_and_navigation) ... ok
test_selection_drag_copy_and_escape_clear (test_logviewer_component.LogViewerCo
mponentTests.test_selection_drag_copy_and_escape_clear) ... ok
test_cursor_from_screen_bad_rect_and_out_of_range (test_logviewer_extra.LogView
erExtraTests.test_cursor_from_screen_bad_rect_and_out_of_range) ... ok
test_ensure_log_colors_and_color_pair_fallbacks (test_logviewer_extra.LogViewer
ExtraTests.test_ensure_log_colors_and_color_pair_fallbacks) ... ok
test_init_with_filepath_calls_open_path (test_logviewer_extra.LogViewerExtraTes
ts.test_init_with_filepath_calls_open_path) ... ok
test_line_selection_span_none_branches (test_logviewer_extra.LogViewerExtraTest
s.test_line_selection_span_none_branches) ... ok
test_normalize_and_severity_attr 
(test_logviewer_extra.LogViewerExtraTests.test_normalize_and_severity_attr) 
... ok
test_reload_and_poll_file 
(test_logviewer_extra.LogViewerExtraTests.test_reload_and_poll_file) ... ok
test_selected_text_defensive_bounds 
(test_logviewer_extra.LogViewerExtraTests.test_selected_text_defensive_bounds) 
... ok
test_selection_and_copy 
(test_logviewer_extra.LogViewerExtraTests.test_selection_and_copy) ... ok
test_trim_append_reload_poll_search_and_keys (test_logviewer_extra.LogViewerExt
raTests.test_trim_append_reload_poll_search_and_keys) ... ok
test_cursor_from_screen_maps_correctly (test_logviewer_more.LogViewerMoreTests.
test_cursor_from_screen_maps_correctly) ... ok
test_ensure_log_colors_no_callable_init (test_logviewer_more.LogViewerMoreTests
.test_ensure_log_colors_no_callable_init) ... ok
test_open_path_error_and_success 
(test_logviewer_more.LogViewerMoreTests.test_open_path_error_and_success) ... 
ok
test_rebuild_search_matches_and_navigation (test_logviewer_more.LogViewerMoreTe
sts.test_rebuild_search_matches_and_navigation) ... ok
test_selection_bounds_and_line_span 
(test_logviewer_more.LogViewerMoreTests.test_selection_bounds_and_line_span) 
... ok
test_draw_headers_and_bold 
(test_markdown_viewer.TestMarkdownViewer.test_draw_headers_and_bold) ... ok
test_markdown_viewer_init 
(test_markdown_viewer.TestMarkdownViewer.test_markdown_viewer_init) ... ok
test_open_path (test_markdown_viewer.TestMarkdownViewer.test_open_path) ... ok
test_execute_action_variants (test_markdown_viewer_basic.MarkdownViewerBasicTes
ts.test_execute_action_variants) ... ok
test_handle_key_actions_and_scrolling (test_markdown_viewer_basic.MarkdownViewe
rBasicTests.test_handle_key_actions_and_scrolling) ... ok
test_open_path_and_title_and_status (test_markdown_viewer_basic.MarkdownViewerB
asicTests.test_open_path_and_title_and_status) ... ok
test_current_items_empty_when_no_menu_names 
(test_menu_bar.MenuBarTests.test_current_items_empty_when_no_menu_names) ... ok
test_down_skips_separator 
(test_menu_bar.MenuBarTests.test_down_skips_separator) ... ok
test_draw_bar_global_renders_logo_and_clock 
(test_menu_bar.MenuBarTests.test_draw_bar_global_renders_logo_and_clock) ... ok
test_draw_bar_global_uses_stdscr_width_when_not_provided (test_menu_bar.MenuBar
Tests.test_draw_bar_global_uses_stdscr_width_when_not_provided) ... ok
test_draw_bar_window_mode_renders_inner_strip 
(test_menu_bar.MenuBarTests.test_draw_bar_window_mode_renders_inner_strip) ... 
ok
test_draw_bar_window_mode_returns_when_width_missing (test_menu_bar.MenuBarTest
s.test_draw_bar_window_mode_returns_when_width_missing) ... ok
test_draw_dropdown_active_renders_separator_and_action_rows (test_menu_bar.Menu
BarTests.test_draw_dropdown_active_renders_separator_and_action_rows) ... ok
test_draw_dropdown_active_with_no_menus_is_noop 
(test_menu_bar.MenuBarTests.test_draw_dropdown_active_with_no_menus_is_noop) 
... ok
test_draw_dropdown_inactive_is_noop 
(test_menu_bar.MenuBarTests.test_draw_dropdown_inactive_is_noop) ... ok
test_dropdown_layout_clamps_inside_window_bounds 
(test_menu_bar.MenuBarTests.test_dropdown_layout_clamps_inside_window_bounds) 
... ok
test_dropdown_layout_none_when_no_menus 
(test_menu_bar.MenuBarTests.test_dropdown_layout_none_when_no_menus) ... ok
test_enter_on_separator_keeps_menu_open 
(test_menu_bar.MenuBarTests.test_enter_on_separator_keeps_menu_open) ... ok
test_enter_returns_action_and_closes_menu 
(test_menu_bar.MenuBarTests.test_enter_returns_action_and_closes_menu) ... ok
test_escape_closes_menu (test_menu_bar.MenuBarTests.test_escape_closes_menu) 
... ok
test_first_selectable_returns_zero_when_no_actions (test_menu_bar.MenuBarTests.
test_first_selectable_returns_zero_when_no_actions) ... ok
test_get_dropdown_rect_and_hit_test 
(test_menu_bar.MenuBarTests.test_get_dropdown_rect_and_hit_test) ... ok
test_get_dropdown_rect_returns_none_when_inactive 
(test_menu_bar.MenuBarTests.test_get_dropdown_rect_returns_none_when_inactive) 
... ok
test_get_dropdown_rect_returns_none_with_active_empty_menu (test_menu_bar.MenuB
arTests.test_get_dropdown_rect_returns_none_with_active_empty_menu) ... ok
test_global_menu_click_flow_returns_app_action 
(test_menu_bar.MenuBarTests.test_global_menu_click_flow_returns_app_action) 
... ok
test_handle_click_active_with_missing_layout_closes_menu (test_menu_bar.MenuBar
Tests.test_handle_click_active_with_missing_layout_closes_menu) ... ok
test_handle_click_on_bar_without_item_closes_menu 
(test_menu_bar.MenuBarTests.test_handle_click_on_bar_without_item_closes_menu) 
... ok
test_handle_click_outside_dropdown_closes_menu 
(test_menu_bar.MenuBarTests.test_handle_click_outside_dropdown_closes_menu) 
... ok
test_handle_click_same_menu_toggles_inactive 
(test_menu_bar.MenuBarTests.test_handle_click_same_menu_toggles_inactive) ... 
ok
test_handle_hover_inactive_returns_false 
(test_menu_bar.MenuBarTests.test_handle_hover_inactive_returns_false) ... ok
test_handle_hover_on_bar_without_item_match_uses_bar_hit_test (test_menu_bar.Me
nuBarTests.test_handle_hover_on_bar_without_item_match_uses_bar_hit_test) ... 
ok
test_handle_hover_outside_returns_false 
(test_menu_bar.MenuBarTests.test_handle_hover_outside_returns_false) ... ok
test_handle_hover_over_dropdown_updates_item 
(test_menu_bar.MenuBarTests.test_handle_hover_over_dropdown_updates_item) ... 
ok
test_handle_hover_switches_selected_menu 
(test_menu_bar.MenuBarTests.test_handle_hover_switches_selected_menu) ... ok
test_handle_key_enter_with_empty_items_returns_none (test_menu_bar.MenuBarTests
.test_handle_key_enter_with_empty_items_returns_none) ... ok
test_handle_key_returns_none_when_inactive 
(test_menu_bar.MenuBarTests.test_handle_key_returns_none_when_inactive) ... ok
test_handle_key_unknown_returns_none 
(test_menu_bar.MenuBarTests.test_handle_key_unknown_returns_none) ... ok
test_hit_test_dropdown_returns_false_when_rect_missing (test_menu_bar.MenuBarTe
sts.test_hit_test_dropdown_returns_false_when_rect_missing) ... ok
test_left_right_switch_menu_and_reset_selectable 
(test_menu_bar.MenuBarTests.test_left_right_switch_menu_and_reset_selectable) 
... ok
test_menu_wrapper_accepts_optional_window_kwargs 
(test_menu_bar.MenuBarTests.test_menu_wrapper_accepts_optional_window_kwargs) 
... ok
test_menu_wrapper_methods_delegate_to_base_class 
(test_menu_bar.MenuBarTests.test_menu_wrapper_methods_delegate_to_base_class) 
... ok
test_move_selected_item_no_items_is_noop 
(test_menu_bar.MenuBarTests.test_move_selected_item_no_items_is_noop) ... ok
test_up_wraps_and_skips_separator 
(test_menu_bar.MenuBarTests.test_up_wraps_and_skips_separator) ... ok
test_window_menu_click_flow_returns_item_action 
(test_menu_bar.MenuBarTests.test_window_menu_click_flow_returns_item_action) 
... ok
test_window_menu_wrapper_methods_delegate_to_base_class (test_menu_bar.MenuBarT
ests.test_window_menu_wrapper_methods_delegate_to_base_class) ... ok
test_first_click_safety_and_count 
(test_minesweeper.MinesweeperTests.test_first_click_safety_and_count) ... ok
test_init_and_draw_and_click 
(test_minesweeper.MinesweeperTests.test_init_and_draw_and_click) ... ok
test_execute_action_difficulty_switch (test_minesweeper_basic.MinesweeperBasicT
ests.test_execute_action_difficulty_switch) ... ok
test_reset_and_place_bombs_safe_first_click_safety (test_minesweeper_basic.Mine
sweeperBasicTests.test_reset_and_place_bombs_safe_first_click_safety) ... ok
test_build_coverage_rows_maps_counts_from_foreign_root_by_suffix (test_module_c
overage_tool.ModuleCoverageToolTests.test_build_coverage_rows_maps_counts_from_
foreign_root_by_suffix) ... ok
test_collect_executable_lines_detects_statement_rows (test_module_coverage_tool
.ModuleCoverageToolTests.test_collect_executable_lines_detects_statement_rows) 
... ok
test_collect_executable_lines_excludes_docstrings (test_module_coverage_tool.Mo
duleCoverageToolTests.test_collect_executable_lines_excludes_docstrings) ... ok
test_coverage_percent_handles_zero_denominator (test_module_coverage_tool.Modul
eCoverageToolTests.test_coverage_percent_handles_zero_denominator) ... ok
test_sort_coverage_rows_orders_lowest_first (test_module_coverage_tool.ModuleCo
verageToolTests.test_sort_coverage_rows_orders_lowest_first) ... ok
test_find_drop_target_window_and_dispatch_drop_edge_cases (test_mouse_router.Mo
useRouterTests.test_find_drop_target_window_and_dispatch_drop_edge_cases) ... 
ok
test_handle_desktop_mouse_deselects_when_no_icon_hit (test_mouse_router.MouseRo
uterTests.test_handle_desktop_mouse_deselects_when_no_icon_hit) ... ok
test_handle_desktop_mouse_double_click_executes_icon_action (test_mouse_router.
MouseRouterTests.test_handle_desktop_mouse_double_click_executes_icon_action) 
... ok
test_handle_desktop_mouse_fallback_double_click_executes_icon_action (test_mous
e_router.MouseRouterTests.test_handle_desktop_mouse_fallback_double_click_execu
tes_icon_action) ... ok
test_handle_desktop_mouse_fallback_double_click_times_out (test_mouse_router.Mo
useRouterTests.test_handle_desktop_mouse_fallback_double_click_times_out) ... 
ok
test_handle_desktop_mouse_motion_event_does_not_trigger_fallback_double_click (
test_mouse_router.MouseRouterTests.test_handle_desktop_mouse_motion_event_does_
not_trigger_fallback_double_click) ... ok
test_handle_drag_resize_mouse_drag_state_changes_mid_pass (test_mouse_router.Mo
useRouterTests.test_handle_drag_resize_mouse_drag_state_changes_mid_pass) ... 
ok
test_handle_drag_resize_mouse_keeps_dragging_on_pressed_event (test_mouse_route
r.MouseRouterTests.test_handle_drag_resize_mouse_keeps_dragging_on_pressed_even
t) ... ok
test_handle_drag_resize_mouse_moves_dragging_window (test_mouse_router.MouseRou
terTests.test_handle_drag_resize_mouse_moves_dragging_window) ... ok
test_handle_drag_resize_mouse_resize_state_changes_mid_pass (test_mouse_router.
MouseRouterTests.test_handle_drag_resize_mouse_resize_state_changes_mid_pass) 
... ok
test_handle_drag_resize_mouse_resizes_active_window (test_mouse_router.MouseRou
terTests.test_handle_drag_resize_mouse_resizes_active_window) ... ok
test_handle_drag_resize_mouse_stops_dragging (test_mouse_router.MouseRouterTest
s.test_handle_drag_resize_mouse_stops_dragging) ... ok
test_handle_drag_resize_mouse_stops_resizing (test_mouse_router.MouseRouterTest
s.test_handle_drag_resize_mouse_stops_resizing) ... ok
test_handle_file_drag_drop_mouse_drop_forwards_terminal_target (test_mouse_rout
er.MouseRouterTests.test_handle_file_drag_drop_mouse_drop_forwards_terminal_tar
get) ... ok
test_handle_file_drag_drop_mouse_drop_opens_notepad_target (test_mouse_router.M
ouseRouterTests.test_handle_file_drag_drop_mouse_drop_opens_notepad_target) 
... ok
test_handle_file_drag_drop_mouse_move_and_consumer_none_paths (test_mouse_route
r.MouseRouterTests.test_handle_file_drag_drop_mouse_move_and_consumer_none_path
s) ... ok
test_handle_file_drag_drop_mouse_starts_drag_and_highlights_target (test_mouse_
router.MouseRouterTests.test_handle_file_drag_drop_mouse_starts_drag_and_highli
ghts_target) ... ok
test_handle_file_drag_drop_mouse_stop_without_active_drag_clears_candidates (te
st_mouse_router.MouseRouterTests.test_handle_file_drag_drop_mouse_stop_without_
active_drag_clears_candidates) ... ok
test_handle_global_menu_mouse_click_executes_action (test_mouse_router.MouseRou
terTests.test_handle_global_menu_mouse_click_executes_action) ... ok
test_handle_global_menu_mouse_hit_test_without_click_returns_true (test_mouse_r
outer.MouseRouterTests.test_handle_global_menu_mouse_hit_test_without_click_ret
urns_true) ... ok
test_handle_global_menu_mouse_hover_calls_menu_hover (test_mouse_router.MouseRo
uterTests.test_handle_global_menu_mouse_hover_calls_menu_hover) ... ok
test_handle_global_menu_mouse_returns_false_when_no_hit (test_mouse_router.Mous
eRouterTests.test_handle_global_menu_mouse_returns_false_when_no_hit) ... ok
test_handle_mouse_event_dialog_has_priority (test_mouse_router.MouseRouterTests
.test_handle_mouse_event_dialog_has_priority) ... ok
test_handle_mouse_event_falls_back_to_desktop (test_mouse_router.MouseRouterTes
ts.test_handle_mouse_event_falls_back_to_desktop) ... ok
test_handle_mouse_event_returns_after_file_drag_drop (test_mouse_router.MouseRo
uterTests.test_handle_mouse_event_returns_after_file_drag_drop) ... ok
test_handle_mouse_event_stops_after_drag_resize_handler (test_mouse_router.Mous
eRouterTests.test_handle_mouse_event_stops_after_drag_resize_handler) ... ok
test_handle_mouse_event_stops_after_global_menu_handler (test_mouse_router.Mous
eRouterTests.test_handle_mouse_event_stops_after_global_menu_handler) ... ok
test_handle_mouse_event_stops_after_window_handler (test_mouse_router.MouseRout
erTests.test_handle_mouse_event_stops_after_window_handler) ... ok
test_handle_mouse_event_taskbar_short_circuit (test_mouse_router.MouseRouterTes
ts.test_handle_mouse_event_taskbar_short_circuit) ... ok
test_handle_mouse_event_top_bar_click_executes_action (test_mouse_router.MouseR
outerTests.test_handle_mouse_event_top_bar_click_executes_action) ... ok
test_handle_window_mouse_all_invisible_windows_returns_false (test_mouse_router
.MouseRouterTests.test_handle_window_mouse_all_invisible_windows_returns_false)
 ... ok
test_handle_window_mouse_border_starts_resize (test_mouse_router.MouseRouterTes
ts.test_handle_window_mouse_border_starts_resize) ... ok
test_handle_window_mouse_click_inside_dispatches_result_and_closes_other_menus 
(test_mouse_router.MouseRouterTests.test_handle_window_mouse_click_inside_dispa
tches_result_and_closes_other_menus) ... ok
test_handle_window_mouse_click_inside_supports_legacy_two_arg_handler (test_mou
se_router.MouseRouterTests.test_handle_window_mouse_click_inside_supports_legac
y_two_arg_handler) ... ok
test_handle_window_mouse_click_outside_closes_active_window_menu (test_mouse_ro
uter.MouseRouterTests.test_handle_window_mouse_click_outside_closes_active_wind
ow_menu) ... ok
test_handle_window_mouse_close_button_closes_window (test_mouse_router.MouseRou
terTests.test_handle_window_mouse_close_button_closes_window) ... ok
test_handle_window_mouse_contains_click_checks_multiple_other_windows (test_mou
se_router.MouseRouterTests.test_handle_window_mouse_contains_click_checks_multi
ple_other_windows) ... ok
test_handle_window_mouse_contains_click_evaluates_other_window_condition (test_
mouse_router.MouseRouterTests.test_handle_window_mouse_contains_click_evaluates
_other_window_condition) ... ok
test_handle_window_mouse_drag_routes_to_handler (test_mouse_router.MouseRouterT
ests.test_handle_window_mouse_drag_routes_to_handler) ... ok
test_handle_window_mouse_maximize_calls_toggle (test_mouse_router.MouseRouterTe
sts.test_handle_window_mouse_maximize_calls_toggle) ... ok
test_handle_window_mouse_menu_hover_path 
(test_mouse_router.MouseRouterTests.test_handle_window_mouse_menu_hover_path) 
... ok
test_handle_window_mouse_minimize_activates_last_visible (test_mouse_router.Mou
seRouterTests.test_handle_window_mouse_minimize_activates_last_visible) ... ok
test_handle_window_mouse_scroll_paths 
(test_mouse_router.MouseRouterTests.test_handle_window_mouse_scroll_paths) ... 
ok
test_handle_window_mouse_skips_invisible_windows (test_mouse_router.MouseRouter
Tests.test_handle_window_mouse_skips_invisible_windows) ... ok
test_handle_window_mouse_title_double_click_toggles_maximize (test_mouse_router
.MouseRouterTests.test_handle_window_mouse_title_double_click_toggles_maximize)
 ... ok
test_handle_window_mouse_title_press_does_not_drag_when_maximized (test_mouse_r
outer.MouseRouterTests.test_handle_window_mouse_title_press_does_not_drag_when_
maximized) ... ok
test_handle_window_mouse_title_press_starts_drag_when_not_maximized (test_mouse
_router.MouseRouterTests.test_handle_window_mouse_title_press_starts_drag_when_
not_maximized) ... ok
test_handle_window_mouse_title_single_click_activates_only (test_mouse_router.M
ouseRouterTests.test_handle_window_mouse_title_single_click_activates_only) 
... ok
test_invoke_mouse_handler_signature_error_falls_back_to_two_args (test_mouse_ro
uter.MouseRouterTests.test_invoke_mouse_handler_signature_error_falls_back_to_t
wo_args) ... ok
test_clamp_cursor_bounds 
(test_notepad_component.NotepadComponentTests.test_clamp_cursor_bounds) ... ok
test_compute_wrap_builds_and_reuses_cache (test_notepad_component.NotepadCompon
entTests.test_compute_wrap_builds_and_reuses_cache) ... ok
test_cursor_to_wrap_row_non_wrap_and_fallback_paths (test_notepad_component.Not
epadComponentTests.test_cursor_to_wrap_row_non_wrap_and_fallback_paths) ... ok
test_cursor_to_wrap_row_returns_last_segment_for_end_column (test_notepad_compo
nent.NotepadComponentTests.test_cursor_to_wrap_row_returns_last_segment_for_end
_column) ... ok
test_draw_non_wrap_breaks_when_buffer_ends (test_notepad_component.NotepadCompo
nentTests.test_draw_non_wrap_breaks_when_buffer_ends) ... ok
test_draw_returns_early_when_invisible (test_notepad_component.NotepadComponent
Tests.test_draw_returns_early_when_invisible) ... ok
test_draw_sets_title_for_unsaved_states (test_notepad_component.NotepadComponen
tTests.test_draw_sets_title_for_unsaved_states) ... ok
test_draw_updates_title_and_renders_scrollbar_and_status (test_notepad_componen
t.NotepadComponentTests.test_draw_updates_title_and_renders_scrollbar_and_statu
s) ... ok
test_draw_wrap_mode_renders_visible_wrapped_rows_and_cursor (test_notepad_compo
nent.NotepadComponentTests.test_draw_wrap_mode_renders_visible_wrapped_rows_and
_cursor) ... ok
test_ensure_cursor_visible_moves_view_when_cursor_before_viewport (test_notepad
_component.NotepadComponentTests.test_ensure_cursor_visible_moves_view_when_cur
sor_before_viewport) ... ok
test_ensure_cursor_visible_non_wrap_adjusts_vertical_and_horizontal (test_notep
ad_component.NotepadComponentTests.test_ensure_cursor_visible_non_wrap_adjusts_
vertical_and_horizontal) ... ok
test_ensure_cursor_visible_wrap_adjusts_view_top (test_notepad_component.Notepa
dComponentTests.test_ensure_cursor_visible_wrap_adjusts_view_top) ... ok
test_execute_action_branches 
(test_notepad_component.NotepadComponentTests.test_execute_action_branches) 
... ok
test_handle_click_menu_intercept_returns_action (test_notepad_component.Notepad
ComponentTests.test_handle_click_menu_intercept_returns_action) ... ok
test_handle_click_menu_intercept_without_action_returns_none (test_notepad_comp
onent.NotepadComponentTests.test_handle_click_menu_intercept_without_action_ret
urns_none) ... ok
test_handle_click_non_wrap_out_of_range_selects_last_line (test_notepad_compone
nt.NotepadComponentTests.test_handle_click_non_wrap_out_of_range_selects_last_l
ine) ... ok
test_handle_click_outside_body_returns_none (test_notepad_component.NotepadComp
onentTests.test_handle_click_outside_body_returns_none) ... ok
test_handle_click_with_button_sets_selection_anchor (test_notepad_component.Not
epadComponentTests.test_handle_click_with_button_sets_selection_anchor) ... ok
test_handle_click_wrap_mode_in_range_positions_cursor (test_notepad_component.N
otepadComponentTests.test_handle_click_wrap_mode_in_range_positions_cursor) 
... ok
test_handle_click_wrap_mode_out_of_range_selects_last_line (test_notepad_compon
ent.NotepadComponentTests.test_handle_click_wrap_mode_out_of_range_selects_last
_line) ... ok
test_handle_key_backspace_deletes_character (test_notepad_component.NotepadComp
onentTests.test_handle_key_backspace_deletes_character) ... ok
test_handle_key_backspace_deletes_selection_when_present (test_notepad_componen
t.NotepadComponentTests.test_handle_key_backspace_deletes_selection_when_presen
t) ... ok
test_handle_key_copy_shortcut_copies_current_line (test_notepad_component.Notep
adComponentTests.test_handle_key_copy_shortcut_copies_current_line) ... ok
test_handle_key_copy_shortcut_prefers_selected_text (test_notepad_component.Not
epadComponentTests.test_handle_key_copy_shortcut_prefers_selected_text) ... ok
test_handle_key_ctrl_a_selects_all (test_notepad_component.NotepadComponentTest
s.test_handle_key_ctrl_a_selects_all) ... ok
test_handle_key_ctrl_c_no_longer_triggers_copy (test_notepad_component.NotepadC
omponentTests.test_handle_key_ctrl_c_no_longer_triggers_copy) ... ok
test_handle_key_ctrl_o_requests_open_dialog (test_notepad_component.NotepadComp
onentTests.test_handle_key_ctrl_o_requests_open_dialog) ... ok
test_handle_key_ctrl_s_returns_save_error_action_result (test_notepad_component
.NotepadComponentTests.test_handle_key_ctrl_s_returns_save_error_action_result)
 ... ok
test_handle_key_ctrl_v_ignores_empty_clipboard (test_notepad_component.NotepadC
omponentTests.test_handle_key_ctrl_v_ignores_empty_clipboard) ... ok
test_handle_key_ctrl_v_pastes_multiline_text (test_notepad_component.NotepadCom
ponentTests.test_handle_key_ctrl_v_pastes_multiline_text) ... ok
test_handle_key_ctrl_v_pastes_single_line_text (test_notepad_component.NotepadC
omponentTests.test_handle_key_ctrl_v_pastes_single_line_text) ... ok
test_handle_key_ctrl_x_cuts_selected_text (test_notepad_component.NotepadCompon
entTests.test_handle_key_ctrl_x_cuts_selected_text) ... ok
test_handle_key_ctrl_x_without_selection_cuts_current_line (test_notepad_compon
ent.NotepadComponentTests.test_handle_key_ctrl_x_without_selection_cuts_current
_line) ... ok
test_handle_key_delete_deletes_character (test_notepad_component.NotepadCompone
ntTests.test_handle_key_delete_deletes_character) ... ok
test_handle_key_delete_deletes_selection_when_present (test_notepad_component.N
otepadComponentTests.test_handle_key_delete_deletes_selection_when_present) 
... ok
test_handle_key_escape_clears_selection (test_notepad_component.NotepadComponen
tTests.test_handle_key_escape_clears_selection) ... ok
test_handle_key_int_printable_inserts_character (test_notepad_component.Notepad
ComponentTests.test_handle_key_int_printable_inserts_character) ... ok
test_handle_key_left_and_right_inside_line (test_notepad_component.NotepadCompo
nentTests.test_handle_key_left_and_right_inside_line) ... ok
test_handle_key_menu_active_with_no_action_returns_none (test_notepad_component
.NotepadComponentTests.test_handle_key_menu_active_with_no_action_returns_none)
 ... ok
test_handle_key_navigation_and_page_moves (test_notepad_component.NotepadCompon
entTests.test_handle_key_navigation_and_page_moves) ... ok
test_handle_key_up_and_down_move_cursor (test_notepad_component.NotepadComponen
tTests.test_handle_key_up_and_down_move_cursor) ... ok
test_handle_key_when_menu_active_dispatches_menu_action (test_notepad_component
.NotepadComponentTests.test_handle_key_when_menu_active_dispatches_menu_action)
 ... ok
test_handle_mouse_drag_extends_selection (test_notepad_component.NotepadCompone
ntTests.test_handle_mouse_drag_extends_selection) ... ok
test_load_file_keeps_trailing_empty_line (test_notepad_component.NotepadCompone
ntTests.test_load_file_keeps_trailing_empty_line) ... ok
test_scroll_down_wrap_mode_respects_maximum (test_notepad_component.NotepadComp
onentTests.test_scroll_down_wrap_mode_respects_maximum) ... ok
test_scroll_up_decrements_view_top (test_notepad_component.NotepadComponentTest
s.test_scroll_up_decrements_view_top) ... ok
test_compute_wrap_and_cursor_wrap_row 
(test_notepad_more.NotepadMoreTests.test_compute_wrap_and_cursor_wrap_row) ... 
ok
test_ctrl_a_creates_buffer_when_empty 
(test_notepad_more.NotepadMoreTests.test_ctrl_a_creates_buffer_when_empty) ... 
ok
test_cut_current_line_and_copy 
(test_notepad_more.NotepadMoreTests.test_cut_current_line_and_copy) ... ok
test_cut_current_line_guard_and_single_line_and_pop_last (test_notepad_more.Not
epadMoreTests.test_cut_current_line_guard_and_single_line_and_pop_last) ... ok
test_delete_selection_multiline 
(test_notepad_more.NotepadMoreTests.test_delete_selection_multiline) ... ok
test_draw_selection_highlight_wrap_and_unwrap_paths (test_notepad_more.NotepadM
oreTests.test_draw_selection_highlight_wrap_and_unwrap_paths) ... ok
test_handle_key_enter_paste_and_printable_with_selection (test_notepad_more.Not
epadMoreTests.test_handle_key_enter_paste_and_printable_with_selection) ... ok
test_handle_key_navigation_and_editing 
(test_notepad_more.NotepadMoreTests.test_handle_key_navigation_and_editing) 
... ok
test_insert_text_multiline_and_clamp 
(test_notepad_more.NotepadMoreTests.test_insert_text_multiline_and_clamp) ... 
ok
test_line_selection_span_variants 
(test_notepad_more.NotepadMoreTests.test_line_selection_span_variants) ... ok
test_mouse_drag_not_pressed_outside_and_anchor_set (test_notepad_more.NotepadMo
reTests.test_mouse_drag_not_pressed_outside_and_anchor_set) ... ok
test_open_path_empty_and_non_empty 
(test_notepad_more.NotepadMoreTests.test_open_path_empty_and_non_empty) ... ok
test_selected_text_and_delete_selection_guard (test_notepad_more.NotepadMoreTes
ts.test_selected_text_and_delete_selection_guard) ... ok
test_set_cursor_from_screen_unwrap 
(test_notepad_more.NotepadMoreTests.test_set_cursor_from_screen_unwrap) ... ok
test_direct_import_executes_package_init (test_package_init_runtime.PackageInit
RuntimeTests.test_direct_import_executes_package_init) ... ok
test_runtime_import_exposes_version (test_package_init_runtime.PackageInitRunti
meTests.test_runtime_import_exposes_version) ... ok
test_direct_import_traces_init_module (test_package_init_trace.PackageInitTrace
Tests.test_direct_import_traces_init_module) ... ok
test_draw_delegates_to_draw_content 
(test_plugin_base.PluginBaseTests.test_draw_delegates_to_draw_content) ... ok
test_draw_renders_table_and_status (test_process_manager_component.ProcessManag
erComponentTests.test_draw_renders_table_and_status) ... ok
test_handle_key_sort_and_close_paths (test_process_manager_component.ProcessMan
agerComponentTests.test_handle_key_sort_and_close_paths) ... ok
test_kill_process_calls_os_kill_and_refreshes (test_process_manager_component.P
rocessManagerComponentTests.test_kill_process_calls_os_kill_and_refreshes) ... 
ok
test_kill_process_permission_error_returns_error_action (test_process_manager_c
omponent.ProcessManagerComponentTests.test_kill_process_permission_error_return
s_error_action) ... ok
test_request_kill_selected_returns_confirm_action (test_process_manager_compone
nt.ProcessManagerComponentTests.test_request_kill_selected_returns_confirm_acti
on) ... ok
test_execute_action_sort_and_close (test_process_manager_extra.ProcessManagerEx
traTests.test_execute_action_sort_and_close) ... ok
test_format_uptime_variants (test_process_manager_extra.ProcessManagerExtraTest
s.test_format_uptime_variants) ... ok
test_refresh_processes_populates_rows_and_summaries (test_process_manager_extra
.ProcessManagerExtraTests.test_refresh_processes_populates_rows_and_summaries) 
... ok
test_request_kill_and_kill_process_paths (test_process_manager_extra.ProcessMan
agerExtraTests.test_request_kill_and_kill_process_paths) ... ok
test_kill_process_invalid_pid (test_process_manager_kill.ProcessManagerKillTest
s.test_kill_process_invalid_pid) ... ok
test_kill_process_processlookup_and_permission (test_process_manager_kill.Proce
ssManagerKillTests.test_kill_process_processlookup_and_permission) ... ok
test_request_kill_selected_no_rows (test_process_manager_kill.ProcessManagerKil
lTests.test_request_kill_selected_no_rows) ... ok
test_read_command_prefers_cmdline_then_comm_then_fallback (test_process_manager
_more.ProcessManagerMoreTests.test_read_command_prefers_cmdline_then_comm_then_
fallback) ... ok
test_read_mem_defaults_on_error (test_process_manager_more.ProcessManagerMoreTe
sts.test_read_mem_defaults_on_error) ... ok
test_read_process_row_various_edge_cases (test_process_manager_more.ProcessMana
gerMoreTests.test_read_process_row_various_edge_cases) ... ok
test_read_total_jiffies_and_loadavg (test_process_manager_more.ProcessManagerMo
reTests.test_read_total_jiffies_and_loadavg) ... ok
test_sorting_and_selection_visibility (test_process_manager_more.ProcessManager
MoreTests.test_sorting_and_selection_visibility) ... ok
test_format_uptime 
(test_process_manager_more2.ProcessManagerMoreTests.test_format_uptime) ... ok
test_read_process_row_parsing_and_cpu_mem (test_process_manager_more2.ProcessMa
nagerMoreTests.test_read_process_row_parsing_and_cpu_mem) ... ok
test_refresh_processes_proc_error (test_process_manager_more2.ProcessManagerMor
eTests.test_refresh_processes_proc_error) ... ok
test_request_and_kill_process_behavior (test_process_manager_more2.ProcessManag
erMoreTests.test_request_and_kill_process_behavior) ... ok
test_sort_rows 
(test_process_manager_more2.ProcessManagerMoreTests.test_sort_rows) ... ok
test_draw_renders_table_and_summary (test_process_manager_more_edges.ProcessMan
agerMoreEdgesTests.test_draw_renders_table_and_summary) ... ok
test_handle_click_double_returns_kill_request (test_process_manager_more_edges.
ProcessManagerMoreEdgesTests.test_handle_click_double_returns_kill_request) 
... ok
test_handle_key_sorts_and_close (test_process_manager_more_edges.ProcessManager
MoreEdgesTests.test_handle_key_sorts_and_close) ... ok
test_format_uptime_variants (test_process_manager_remaining.ProcessManagerRemai
ningTests.test_format_uptime_variants) ... ok
test_read_command_fallbacks (test_process_manager_remaining.ProcessManagerRemai
ningTests.test_read_command_fallbacks) ... ok
test_read_process_row_parsing_and_cpu_mem (test_process_manager_remaining.Proce
ssManagerRemainingTests.test_read_process_row_parsing_and_cpu_mem) ... ok
test_read_total_jiffies_malformed (test_process_manager_remaining.ProcessManage
rRemainingTests.test_read_total_jiffies_malformed) ... ok
test_refresh_processes_proc_error (test_process_manager_remaining.ProcessManage
rRemainingTests.test_refresh_processes_proc_error) ... ok
test_sort_rows_cpu_and_mem_and_pid (test_process_manager_sort_paging.ProcessMan
agerSortPagingTests.test_sort_rows_cpu_and_mem_and_pid) ... ok
test_visible_rows_and_paging_handle_key (test_process_manager_sort_paging.Proce
ssManagerSortPagingTests.test_visible_rows_and_paging_handle_key) ... ok
test_validate_release_tag_fails_on_app_version_mismatch (test_release_tag_tool.
ReleaseTagToolTests.test_validate_release_tag_fails_on_app_version_mismatch) 
... ok
test_validate_release_tag_fails_without_v_prefix (test_release_tag_tool.Release
TagToolTests.test_validate_release_tag_fails_without_v_prefix) ... ok
test_validate_release_tag_ok_when_versions_match (test_release_tag_tool.Release
TagToolTests.test_validate_release_tag_ok_when_versions_match) ... ok
test_draw_desktop_renders_each_body_row 
(test_rendering.RenderingTests.test_draw_desktop_renders_each_body_row) ... ok
test_draw_icons_stops_when_vertical_space_exhausted (test_rendering.RenderingTe
sts.test_draw_icons_stops_when_vertical_space_exhausted) ... ok
test_draw_icons_uses_selected_and_normal_colors (test_rendering.RenderingTests.
test_draw_icons_uses_selected_and_normal_colors) ... ok
test_draw_statusbar_includes_version_and_window_counts (test_rendering.Renderin
gTests.test_draw_statusbar_includes_version_and_window_counts) ... ok
test_draw_taskbar_breaks_when_button_does_not_fit (test_rendering.RenderingTest
s.test_draw_taskbar_breaks_when_button_does_not_fit) ... ok
test_draw_taskbar_no_minimized_windows_no_output (test_rendering.RenderingTests
.test_draw_taskbar_no_minimized_windows_no_output) ... ok
test_draw_taskbar_renders_buttons_for_minimized_windows (test_rendering.Renderi
ngTests.test_draw_taskbar_renders_buttons_for_minimized_windows) ... ok
test_draw_sidebar (test_retronet.RetroNetTests.test_draw_sidebar) ... ok
test_fetch_thread_error (test_retronet.RetroNetTests.test_fetch_thread_error) 
... ok
test_fetch_thread_success 
(test_retronet.RetroNetTests.test_fetch_thread_success) ... ok
test_handle_click_address_bar 
(test_retronet.RetroNetTests.test_handle_click_address_bar) ... ok
test_handle_click_link (test_retronet.RetroNetTests.test_handle_click_link) 
... ok
test_handle_key_scroll (test_retronet.RetroNetTests.test_handle_key_scroll) 
... ok
test_handle_key_sidebar (test_retronet.RetroNetTests.test_handle_key_sidebar) 
... ok
test_parse_html_basic (test_retronet.RetroNetTests.test_parse_html_basic) ... 
ok
test_parse_html_links_and_buttons 
(test_retronet.RetroNetTests.test_parse_html_links_and_buttons) ... ok
test_sanitize_url (test_retronet.RetroNetTests.test_sanitize_url) ... ok
test_activate_save_and_cancel_paths (test_settings_component.SettingsComponentT
ests.test_activate_save_and_cancel_paths) ... ok
test_activate_save_failure_and_fallback_branch (test_settings_component.Setting
sComponentTests.test_activate_save_failure_and_fallback_branch) ... ok
test_apply_runtime_and_revert_runtime (test_settings_component.SettingsComponen
tTests.test_apply_runtime_and_revert_runtime) ... ok
test_constructor_indices_and_activate_basic_paths (test_settings_component.Sett
ingsComponentTests.test_constructor_indices_and_activate_basic_paths) ... ok
test_draw_visibility_and_state_layout (test_settings_component.SettingsComponen
tTests.test_draw_visibility_and_state_layout) ... ok
test_handle_click_and_close_paths (test_settings_component.SettingsComponentTes
ts.test_handle_click_and_close_paths) ... ok
test_handle_key_paths 
(test_settings_component.SettingsComponentTests.test_handle_key_paths) ... ok
test_collision_and_game_over 
(test_snake.SnakeTests.test_collision_and_game_over) ... ok
test_execute_actions (test_snake.SnakeTests.test_execute_actions) ... ok
test_food_consumption (test_snake.SnakeTests.test_food_consumption) ... ok
test_init_draw_and_movement 
(test_snake.SnakeTests.test_init_draw_and_movement) ... ok
test_wrap_movement (test_snake.SnakeTests.test_wrap_movement) ... ok
test_auto_move_drain_behavior 
(test_solitaire.SolitaireTests.test_auto_move_drain_behavior) ... ok
test_init_draw_and_click 
(test_solitaire.SolitaireTests.test_init_draw_and_click) ... ok
test_auto_move_to_foundation_from_waste_and_column (test_solitaire_basic.Solita
ireBasicTests.test_auto_move_to_foundation_from_waste_and_column) ... ok
test_can_move_to_foundation_and_place_sequence (test_solitaire_basic.SolitaireB
asicTests.test_can_move_to_foundation_and_place_sequence) ... ok
test_check_victory_updates_best_moves (test_solitaire_basic.SolitaireBasicTests
.test_check_victory_updates_best_moves) ... ok
test_execute_action_new_and_key_r 
(test_solitaire_basic.SolitaireBasicTests.test_execute_action_new_and_key_r) 
... ok
test_handle_click_stock_moves_to_waste (test_solitaire_basic.SolitaireBasicTest
s.test_handle_click_stock_moves_to_waste) ... ok
test_rank_suit_and_color_helpers 
(test_solitaire_basic.SolitaireBasicTests.test_rank_suit_and_color_helpers) 
... ok
test_accept_dropped_path_quotes_and_forwards (test_terminal_component.TerminalC
omponentTests.test_accept_dropped_path_quotes_and_forwards) ... ok
test_apply_csi_covers_extra_cursor_and_erase_modes (test_terminal_component.Ter
minalComponentTests.test_apply_csi_covers_extra_cursor_and_erase_modes) ... ok
test_close_and_restart_reset_session_state (test_terminal_component.TerminalCom
ponentTests.test_close_and_restart_reset_session_state) ... ok
test_consume_output_applies_controls_and_trim_scrollback (test_terminal_compone
nt.TerminalComponentTests.test_consume_output_applies_controls_and_trim_scrollb
ack) ... ok
test_consume_output_applies_csi_delete_char_sequence (test_terminal_component.T
erminalComponentTests.test_consume_output_applies_csi_delete_char_sequence) 
... ok
test_consume_output_applies_csi_line_edit_sequences (test_terminal_component.Te
rminalComponentTests.test_consume_output_applies_csi_line_edit_sequences) ... 
ok
test_consume_output_handles_partial_escape_osc_and_two_byte_sequences (test_ter
minal_component.TerminalComponentTests.test_consume_output_handles_partial_esca
pe_osc_and_two_byte_sequences) ... ok
test_consume_output_keeps_viewport_when_scrolled_back (test_terminal_component.
TerminalComponentTests.test_consume_output_keeps_viewport_when_scrolled_back) 
... ok
test_cursor_from_screen_early_returns (test_terminal_component.TerminalComponen
tTests.test_cursor_from_screen_early_returns) ... ok
test_draw_live_cursor_clamps_and_skips_outside_view (test_terminal_component.Te
rminalComponentTests.test_draw_live_cursor_clamps_and_skips_outside_view) ... 
ok
test_draw_live_cursor_uses_underscore_on_blank_cell (test_terminal_component.Te
rminalComponentTests.test_draw_live_cursor_uses_underscore_on_blank_cell) ... 
ok
test_draw_live_cursor_visibility_rules (test_terminal_component.TerminalCompone
ntTests.test_draw_live_cursor_visibility_rules) ... ok
test_draw_renders_output_status_and_scrollbar (test_terminal_component.Terminal
ComponentTests.test_draw_renders_output_status_and_scrollbar) ... ok
test_draw_scrollback_bar_draw_and_noop_paths (test_terminal_component.TerminalC
omponentTests.test_draw_scrollback_bar_draw_and_noop_paths) ... ok
test_draw_selection_continue_and_fill_branches (test_terminal_component.Termina
lComponentTests.test_draw_selection_continue_and_fill_branches) ... ok
test_draw_states_init_and_exit_and_hidden_short_circuit (test_terminal_componen
t.TerminalComponentTests.test_draw_states_init_and_exit_and_hidden_short_circui
t) ... ok
test_draw_with_error_and_no_session_populates_buffer_once (test_terminal_compon
ent.TerminalComponentTests.test_draw_with_error_and_no_session_populates_buffer
_once) ... ok
test_ensure_session_supported_and_start_errors (test_terminal_component.Termina
lComponentTests.test_ensure_session_supported_and_start_errors) ... ok
test_execute_action_paths 
(test_terminal_component.TerminalComponentTests.test_execute_action_paths) ... 
ok
test_execute_menu_copy_and_accept_drop_edge_cases (test_terminal_component.Term
inalComponentTests.test_execute_menu_copy_and_accept_drop_edge_cases) ... ok
test_forward_payload_ignores_none (test_terminal_component.TerminalComponentTes
ts.test_forward_payload_ignores_none) ... ok
test_handle_click_and_mouse_drag_selection_clear_paths (test_terminal_component
.TerminalComponentTests.test_handle_click_and_mouse_drag_selection_clear_paths)
 ... ok
test_handle_click_menu_and_body_paths (test_terminal_component.TerminalComponen
tTests.test_handle_click_menu_and_body_paths) ... ok
test_handle_key_ctrl_v_noop_when_clipboard_empty (test_terminal_component.Termi
nalComponentTests.test_handle_key_ctrl_v_noop_when_clipboard_empty) ... ok
test_handle_key_ctrl_v_pastes_clipboard_into_session (test_terminal_component.T
erminalComponentTests.test_handle_key_ctrl_v_pastes_clipboard_into_session) 
... ok
test_handle_key_f6_f7_send_interrupt_and_terminate (test_terminal_component.Ter
minalComponentTests.test_handle_key_f6_f7_send_interrupt_and_terminate) ... ok
test_handle_key_menu_and_forwarding_and_write_error (test_terminal_component.Te
rminalComponentTests.test_handle_key_menu_and_forwarding_and_write_error) ... 
ok
test_handle_key_pgup_pgdn_scrolls_scrollback_without_forwarding (test_terminal_
component.TerminalComponentTests.test_handle_key_pgup_pgdn_scrolls_scrollback_w
ithout_forwarding) ... ok
test_handle_key_without_running_session_is_noop (test_terminal_component.Termin
alComponentTests.test_handle_key_without_running_session_is_noop) ... ok
test_handle_scroll_bounds 
(test_terminal_component.TerminalComponentTests.test_handle_scroll_bounds) ... 
ok
test_key_to_input_mapping_covers_special_and_printable (test_terminal_component
.TerminalComponentTests.test_key_to_input_mapping_covers_special_and_printable)
 ... ok
test_line_selection_span_and_selected_text_edge_cases (test_terminal_component.
TerminalComponentTests.test_line_selection_span_and_selected_text_edge_cases) 
... ok
test_send_interrupt_and_terminate_error_paths (test_terminal_component.Terminal
ComponentTests.test_send_interrupt_and_terminate_error_paths) ... ok
test_strip_ansi_handles_partial_and_osc_sequences (test_terminal_component.Term
inalComponentTests.test_strip_ansi_handles_partial_and_osc_sequences) ... ok
test_terminal_selection_drag_and_copy_f8 (test_terminal_component.TerminalCompo
nentTests.test_terminal_selection_drag_and_copy_f8) ... ok
test_terminal_selection_draw_overlay_and_clear (test_terminal_component.Termina
lComponentTests.test_terminal_selection_draw_overlay_and_clear) ... ok
test_visible_slice_and_fit_line (test_terminal_component.TerminalComponentTests
.test_visible_slice_and_fit_line) ... ok
test_close_closes_fd_and_ignores_close_errors (test_terminal_session.TerminalSe
ssionTests.test_close_closes_fd_and_ignores_close_errors) ... ok
test_interrupt_and_terminate_delegate_to_send_signal (test_terminal_session.Ter
minalSessionTests.test_interrupt_and_terminate_delegate_to_send_signal) ... ok
test_is_supported_reflects_backend_availability (test_terminal_session.Terminal
SessionTests.test_is_supported_reflects_backend_availability) ... ok
test_poll_exit_paths 
(test_terminal_session.TerminalSessionTests.test_poll_exit_paths) ... ok
test_read_decodes_chunks_and_marks_stop_on_eof (test_terminal_session.TerminalS
essionTests.test_read_decodes_chunks_and_marks_stop_on_eof) ... ok
test_read_handles_blocking_errors 
(test_terminal_session.TerminalSessionTests.test_read_handles_blocking_errors) 
... ok
test_read_handles_eagain_and_eio 
(test_terminal_session.TerminalSessionTests.test_read_handles_eagain_and_eio) 
... ok
test_read_raises_unexpected_oserror (test_terminal_session.TerminalSessionTests
.test_read_raises_unexpected_oserror) ... ok
test_read_returns_empty_without_fd (test_terminal_session.TerminalSessionTests.
test_read_returns_empty_without_fd) ... ok
test_read_stops_after_short_chunk 
(test_terminal_session.TerminalSessionTests.test_read_stops_after_short_chunk) 
... ok
test_resize_swallow_ioctl_oserror 
(test_terminal_session.TerminalSessionTests.test_resize_swallow_ioctl_oserror) 
... ok
test_resize_updates_dimensions_and_handles_backends (test_terminal_session.Term
inalSessionTests.test_resize_updates_dimensions_and_handles_backends) ... ok
test_resolve_posix_backends_import_error_returns_none (test_terminal_session.Te
rminalSessionTests.test_resolve_posix_backends_import_error_returns_none) ... 
ok
test_resolve_posix_backends_success_and_cache (test_terminal_session.TerminalSe
ssionTests.test_resolve_posix_backends_success_and_cache) ... ok
test_send_signal_returns_false_when_kill_fails (test_terminal_session.TerminalS
essionTests.test_send_signal_returns_false_when_kill_fails) ... ok
test_send_signal_uses_foreground_pgid_then_child_fallback (test_terminal_sessio
n.TerminalSessionTests.test_send_signal_uses_foreground_pgid_then_child_fallbac
k) ... ok
test_start_child_branch_execs_shell_with_env_and_cwd (test_terminal_session.Ter
minalSessionTests.test_start_child_branch_execs_shell_with_env_and_cwd) ... ok
test_start_is_noop_when_already_running (test_terminal_session.TerminalSessionT
ests.test_start_is_noop_when_already_running) ... ok
test_start_parent_branch_sets_nonblocking_and_resizes (test_terminal_session.Te
rminalSessionTests.test_start_parent_branch_sets_nonblocking_and_resizes) ... 
ok
test_start_raises_when_backends_missing (test_terminal_session.TerminalSessionT
ests.test_start_raises_when_backends_missing) ... ok
test_write_variants_and_no_fd 
(test_terminal_session.TerminalSessionTests.test_write_variants_and_no_fd) ... 
ok
test_plugin_base_id_setting 
(test_tetris_and_plugin_base.TetrisAndPluginTests.test_plugin_base_id_setting) 
... ok
test_tetris_collision_and_line_clear (test_tetris_and_plugin_base.TetrisAndPlug
inTests.test_tetris_collision_and_line_clear) ... ok
test_coerce_bool_and_parse_scalar_helpers (test_theme_and_config.ThemeAndConfig
Tests.test_coerce_bool_and_parse_scalar_helpers) ... ok
test_config_module_handles_missing_tomllib_import (test_theme_and_config.ThemeA
ndConfigTests.test_config_module_handles_missing_tomllib_import) ... ok
test_default_config_path_uses_home 
(test_theme_and_config.ThemeAndConfigTests.test_default_config_path_uses_home) 
... ok
test_fallback_parse_toml_and_parse_toml_paths (test_theme_and_config.ThemeAndCo
nfigTests.test_fallback_parse_toml_and_parse_toml_paths) ... ok
test_list_themes_and_get_theme_fallback (test_theme_and_config.ThemeAndConfigTe
sts.test_list_themes_and_get_theme_fallback) ... ok
test_normalize_and_load_config_branches (test_theme_and_config.ThemeAndConfigTe
sts.test_normalize_and_load_config_branches) ... ok
test_serialize_and_save_config 
(test_theme_and_config.ThemeAndConfigTests.test_serialize_and_save_config) ... 
ok
test_delete_path_handles_file_and_directory (test_trash_component.TrashComponen
tTests.test_delete_path_handles_file_and_directory) ... ok
test_delete_selected_deletes_permanently_and_handles_errors (test_trash_compone
nt.TrashComponentTests.test_delete_selected_deletes_permanently_and_handles_err
ors) ... ok
test_empty_trash_success_and_error_paths (test_trash_component.TrashComponentTe
sts.test_empty_trash_success_and_error_paths) ... ok
test_execute_action_and_key_shortcuts (test_trash_component.TrashComponentTests
.test_execute_action_and_key_shortcuts) ... ok
test_init_sets_trash_menu_and_hides_parent_entry_at_root (test_trash_component.
TrashComponentTests.test_init_sets_trash_menu_and_hides_parent_entry_at_root) 
... ok
test_navigate_to_stays_within_trash_subtree (test_trash_component.TrashComponen
tTests.test_navigate_to_stays_within_trash_subtree) ... ok
test_undo_last_delete_is_not_supported (test_trash_component.TrashComponentTest
s.test_undo_last_delete_is_not_supported) ... ok
test_check_unicode_support_handles_encoding_failures (test_utils_core.UtilsCore
Tests.test_check_unicode_support_handles_encoding_failures) ... ok
test_draw_box_calls_safe_addstr_for_edges 
(test_utils_core.UtilsCoreTests.test_draw_box_calls_safe_addstr_for_edges) ... 
ok
test_get_system_info_fallback_when_uname_or_meminfo_fail (test_utils_core.Utils
CoreTests.test_get_system_info_fallback_when_uname_or_meminfo_fail) ... ok
test_get_system_info_with_uname_and_meminfo 
(test_utils_core.UtilsCoreTests.test_get_system_info_with_uname_and_meminfo) 
... ok
test_init_colors_accepts_theme_key_and_theme_object (test_utils_core.UtilsCoreT
ests.test_init_colors_accepts_theme_key_and_theme_object) ... ok
test_init_colors_configures_extended_palette 
(test_utils_core.UtilsCoreTests.test_init_colors_configures_extended_palette) 
... ok
test_init_colors_uses_fallback_when_palette_not_customizable (test_utils_core.U
tilsCoreTests.test_init_colors_uses_fallback_when_palette_not_customizable) 
... ok
test_is_video_file_detects_extensions_case_insensitive (test_utils_core.UtilsCo
reTests.test_is_video_file_detects_extensions_case_insensitive) ... ok
test_normalize_key_code_variants 
(test_utils_core.UtilsCoreTests.test_normalize_key_code_variants) ... ok
test_play_ascii_video_handles_reset_mode_errors (test_utils_core.UtilsCoreTests
.test_play_ascii_video_handles_reset_mode_errors) ... ok
test_play_ascii_video_mplayer_receives_subtitle_argument (test_utils_core.Utils
CoreTests.test_play_ascii_video_mplayer_receives_subtitle_argument) ... ok
test_play_ascii_video_prefers_mplayer_when_mpv_missing (test_utils_core.UtilsCo
reTests.test_play_ascii_video_prefers_mplayer_when_mpv_missing) ... ok
test_play_ascii_video_returns_backend_error_when_playback_fails (test_utils_cor
e.UtilsCoreTests.test_play_ascii_video_returns_backend_error_when_playback_fail
s) ... ok
test_play_ascii_video_returns_error_on_subprocess_oserror (test_utils_core.Util
sCoreTests.test_play_ascii_video_returns_error_on_subprocess_oserror) ... ok
test_safe_addstr_clips_and_handles_errors 
(test_utils_core.UtilsCoreTests.test_safe_addstr_clips_and_handles_errors) ... 
ok
test_failed_backends_return_error 
(test_utils_video.PlayAsciiVideoTests.test_failed_backends_return_error) ... ok
test_mpv_command_includes_overlay_and_subtitle_args (test_utils_video.PlayAscii
VideoTests.test_mpv_command_includes_overlay_and_subtitle_args) ... ok
test_no_backend_returns_error 
(test_utils_video.PlayAsciiVideoTests.test_no_backend_returns_error) ... ok
test_successful_backend_returns_ok 
(test_utils_video.PlayAsciiVideoTests.test_successful_backend_returns_ok) ... 
ok
test_draw_handles_no_nmcli 
(test_wifi_manager.WifiManagerTests.test_draw_handles_no_nmcli) ... ok
test_body_rect_with_and_without_window_menu (test_window_component.WindowCompon
entTests.test_body_rect_with_and_without_window_menu) ... ok
test_border_detection_and_resize_application (test_window_component.WindowCompo
nentTests.test_border_detection_and_resize_application) ... ok
test_contains_and_hit_regions 
(test_window_component.WindowComponentTests.test_contains_and_hit_regions) ... 
ok
test_default_key_and_scroll_handlers (test_window_component.WindowComponentTest
s.test_default_key_and_scroll_handlers) ... ok
test_draw_frame_and_draw_body_render_expected_paths (test_window_component.Wind
owComponentTests.test_draw_frame_and_draw_body_render_expected_paths) ... ok
test_draw_frame_highlights_drop_target (test_window_component.WindowComponentTe
sts.test_draw_frame_highlights_drop_target) ... ok
test_draw_frame_inactive_uses_inactive_body_attr (test_window_component.WindowC
omponentTests.test_draw_frame_inactive_uses_inactive_body_attr) ... ok
test_draw_frame_returns_zero_when_hidden (test_window_component.WindowComponent
Tests.test_draw_frame_returns_zero_when_hidden) ... ok
test_draw_returns_early_when_window_is_hidden (test_window_component.WindowComp
onentTests.test_draw_returns_early_when_window_is_hidden) ... ok
test_toggle_maximize_and_restore_with_clamp (test_window_component.WindowCompon
entTests.test_toggle_maximize_and_restore_with_clamp) ... ok
test_toggle_minimize_updates_visibility_and_active (test_window_component.Windo
wComponentTests.test_toggle_minimize_updates_visibility_and_active) ... ok
test_spawn_and_offset 
(test_window_manager.WindowManagerTests.test_spawn_and_offset) ... ok
test_window_activation_and_layers 
(test_window_manager.WindowManagerTests.test_window_activation_and_layers) ... 
ok
test_file_entry_ascii_icons 
(test_windows_logic.WindowLogicTests.test_file_entry_ascii_icons) ... ok
test_filemanager_activate_selected_for_file_and_directory (test_windows_logic.W
indowLogicTests.test_filemanager_activate_selected_for_file_and_directory) ... 
ok
test_filemanager_key_navigation_and_scroll (test_windows_logic.WindowLogicTests
.test_filemanager_key_navigation_and_scroll) ... ok
test_filemanager_navigate_parent_reselects_previous_directory (test_windows_log
ic.WindowLogicTests.test_filemanager_navigate_parent_reselects_previous_directo
ry) ... ok
test_filemanager_rebuild_content_oserror_sets_message (test_windows_logic.Windo
wLogicTests.test_filemanager_rebuild_content_oserror_sets_message) ... ok
test_filemanager_rebuild_content_permission_error_sets_message (test_windows_lo
gic.WindowLogicTests.test_filemanager_rebuild_content_permission_error_sets_mes
sage) ... ok
test_filemanager_rebuild_skips_entries_with_stat_errors (test_windows_logic.Win
dowLogicTests.test_filemanager_rebuild_skips_entries_with_stat_errors) ... ok
test_filemanager_string_h_toggles_hidden 
(test_windows_logic.WindowLogicTests.test_filemanager_string_h_toggles_hidden) 
... ok
test_hidden_window_draw_skips_rendering 
(test_windows_logic.WindowLogicTests.test_hidden_window_draw_skips_rendering) 
... ok
test_input_dialog_accepts_unicode_string_input (test_windows_logic.WindowLogicT
ests.test_input_dialog_accepts_unicode_string_input) ... ok
test_input_dialog_backspace_from_string 
(test_windows_logic.WindowLogicTests.test_input_dialog_backspace_from_string) 
... ok
test_notepad_accepts_unicode_string_input (test_windows_logic.WindowLogicTests.
test_notepad_accepts_unicode_string_input) ... ok
test_notepad_click_and_scroll_bounds 
(test_windows_logic.WindowLogicTests.test_notepad_click_and_scroll_bounds) ... 
ok
test_notepad_ctrl_s_string_key_triggers_save (test_windows_logic.WindowLogicTes
ts.test_notepad_ctrl_s_string_key_triggers_save) ... ok
test_notepad_editing_enter_backspace_delete_and_wrap_toggle (test_windows_logic
.WindowLogicTests.test_notepad_editing_enter_backspace_delete_and_wrap_toggle) 
... ok
test_notepad_load_file_success_with_unicode_path_and_content (test_windows_logi
c.WindowLogicTests.test_notepad_load_file_success_with_unicode_path_and_content
) ... ok
test_notepad_load_large_file_keeps_all_lines (test_windows_logic.WindowLogicTes
ts.test_notepad_load_large_file_keeps_all_lines) ... ok
test_notepad_load_permission_error_sets_placeholder_buffer (test_windows_logic.
WindowLogicTests.test_notepad_load_permission_error_sets_placeholder_buffer) 
... ok
test_notepad_save_as_with_long_unicode_path (test_windows_logic.WindowLogicTest
s.test_notepad_save_as_with_long_unicode_path) ... ok
test_notepad_save_error_returns_typed_error (test_windows_logic.WindowLogicTest
s.test_notepad_save_error_returns_typed_error) ... ok
test_notepad_save_success_writes_buffer 
(test_windows_logic.WindowLogicTests.test_notepad_save_success_writes_buffer) 
... ok
test_notepad_save_without_filepath_requests_save_as (test_windows_logic.WindowL
ogicTests.test_notepad_save_without_filepath_requests_save_as) ... ok

----------------------------------------------------------------------
Ran 728 tests in 0.945s

OK
cc
